Component: ARM Compiler 5.06 update 6 (build 750) Tool: armlink [4d35ed]

==============================================================================

Section Cross References

    startup_stm32f103xb.o(RESET) refers to startup_stm32f103xb.o(STACK) for __initial_sp
    startup_stm32f103xb.o(RESET) refers to startup_stm32f103xb.o(.text) for Reset_Handler
    startup_stm32f103xb.o(RESET) refers to stm32f1xx_it.o(i.NMI_Handler) for NMI_Handler
    startup_stm32f103xb.o(RESET) refers to stm32f1xx_it.o(i.HardFault_Handler) for HardFault_Handler
    startup_stm32f103xb.o(RESET) refers to stm32f1xx_it.o(i.MemManage_Handler) for MemManage_Handler
    startup_stm32f103xb.o(RESET) refers to stm32f1xx_it.o(i.BusFault_Handler) for BusFault_Handler
    startup_stm32f103xb.o(RESET) refers to stm32f1xx_it.o(i.UsageFault_Handler) for UsageFault_Handler
    startup_stm32f103xb.o(RESET) refers to stm32f1xx_it.o(i.SVC_Handler) for SVC_Handler
    startup_stm32f103xb.o(RESET) refers to stm32f1xx_it.o(i.DebugMon_Handler) for DebugMon_Handler
    startup_stm32f103xb.o(RESET) refers to stm32f1xx_it.o(i.PendSV_Handler) for PendSV_Handler
    startup_stm32f103xb.o(RESET) refers to stm32f1xx_it.o(i.SysTick_Handler) for SysTick_Handler
    startup_stm32f103xb.o(RESET) refers to stm32f1xx_it.o(i.USB_LP_CAN1_RX0_IRQHandler) for USB_LP_CAN1_RX0_IRQHandler
    startup_stm32f103xb.o(RESET) refers to stm32f1xx_it.o(i.TIM2_IRQHandler) for TIM2_IRQHandler
    startup_stm32f103xb.o(.text) refers to system_stm32f1xx.o(i.SystemInit) for SystemInit
    startup_stm32f103xb.o(.text) refers to entry.o(.ARM.Collect$$$$00000000) for __main
    stm32f1xx_hal_rcc_ex.o(i.HAL_RCCEx_GetPeriphCLKFreq) refers to stm32f1xx_hal_rcc.o(i.HAL_RCC_GetPCLK2Freq) for HAL_RCC_GetPCLK2Freq
    stm32f1xx_hal_rcc_ex.o(i.HAL_RCCEx_PeriphCLKConfig) refers to stm32f1xx_hal.o(i.HAL_GetTick) for HAL_GetTick
    stm32f1xx_hal_pcd.o(i.HAL_PCD_ActivateRemoteWakeup) refers to stm32f1xx_ll_usb.o(i.USB_ActivateRemoteWakeup) for USB_ActivateRemoteWakeup
    stm32f1xx_hal_pcd.o(i.HAL_PCD_DeActivateRemoteWakeup) refers to stm32f1xx_ll_usb.o(i.USB_DeActivateRemoteWakeup) for USB_DeActivateRemoteWakeup
    stm32f1xx_hal_pcd.o(i.HAL_PCD_DeInit) refers to stm32f1xx_hal_pcd.o(i.HAL_PCD_Stop) for HAL_PCD_Stop
    stm32f1xx_hal_pcd.o(i.HAL_PCD_DeInit) refers to usbd_conf.o(i.HAL_PCD_MspDeInit) for HAL_PCD_MspDeInit
    stm32f1xx_hal_pcd.o(i.HAL_PCD_DevConnect) refers to usbd_conf.o(i.HAL_PCDEx_SetConnectionState) for HAL_PCDEx_SetConnectionState
    stm32f1xx_hal_pcd.o(i.HAL_PCD_DevConnect) refers to stm32f1xx_ll_usb.o(i.USB_DevConnect) for USB_DevConnect
    stm32f1xx_hal_pcd.o(i.HAL_PCD_DevDisconnect) refers to usbd_conf.o(i.HAL_PCDEx_SetConnectionState) for HAL_PCDEx_SetConnectionState
    stm32f1xx_hal_pcd.o(i.HAL_PCD_DevDisconnect) refers to stm32f1xx_ll_usb.o(i.USB_DevDisconnect) for USB_DevDisconnect
    stm32f1xx_hal_pcd.o(i.HAL_PCD_EP_Close) refers to stm32f1xx_ll_usb.o(i.USB_DeactivateEndpoint) for USB_DeactivateEndpoint
    stm32f1xx_hal_pcd.o(i.HAL_PCD_EP_ClrStall) refers to stm32f1xx_ll_usb.o(i.USB_EPClearStall) for USB_EPClearStall
    stm32f1xx_hal_pcd.o(i.HAL_PCD_EP_Flush) refers to stm32f1xx_ll_usb.o(i.USB_FlushTxFifo) for USB_FlushTxFifo
    stm32f1xx_hal_pcd.o(i.HAL_PCD_EP_Flush) refers to stm32f1xx_ll_usb.o(i.USB_FlushRxFifo) for USB_FlushRxFifo
    stm32f1xx_hal_pcd.o(i.HAL_PCD_EP_Open) refers to stm32f1xx_ll_usb.o(i.USB_ActivateEndpoint) for USB_ActivateEndpoint
    stm32f1xx_hal_pcd.o(i.HAL_PCD_EP_Receive) refers to stm32f1xx_ll_usb.o(i.USB_EPStartXfer) for USB_EPStartXfer
    stm32f1xx_hal_pcd.o(i.HAL_PCD_EP_SetStall) refers to stm32f1xx_ll_usb.o(i.USB_EPSetStall) for USB_EPSetStall
    stm32f1xx_hal_pcd.o(i.HAL_PCD_EP_SetStall) refers to stm32f1xx_ll_usb.o(i.USB_EP0_OutStart) for USB_EP0_OutStart
    stm32f1xx_hal_pcd.o(i.HAL_PCD_EP_Transmit) refers to stm32f1xx_ll_usb.o(i.USB_EPStartXfer) for USB_EPStartXfer
    stm32f1xx_hal_pcd.o(i.HAL_PCD_IRQHandler) refers to stm32f1xx_ll_usb.o(i.USB_ReadInterrupts) for USB_ReadInterrupts
    stm32f1xx_hal_pcd.o(i.HAL_PCD_IRQHandler) refers to stm32f1xx_hal_pcd.o(i.PCD_EP_ISR_Handler) for PCD_EP_ISR_Handler
    stm32f1xx_hal_pcd.o(i.HAL_PCD_IRQHandler) refers to usbd_conf.o(i.HAL_PCD_ResetCallback) for HAL_PCD_ResetCallback
    stm32f1xx_hal_pcd.o(i.HAL_PCD_IRQHandler) refers to stm32f1xx_hal_pcd.o(i.HAL_PCD_SetAddress) for HAL_PCD_SetAddress
    stm32f1xx_hal_pcd.o(i.HAL_PCD_IRQHandler) refers to usbd_conf.o(i.HAL_PCD_ResumeCallback) for HAL_PCD_ResumeCallback
    stm32f1xx_hal_pcd.o(i.HAL_PCD_IRQHandler) refers to usbd_conf.o(i.HAL_PCD_SuspendCallback) for HAL_PCD_SuspendCallback
    stm32f1xx_hal_pcd.o(i.HAL_PCD_IRQHandler) refers to usbd_conf.o(i.HAL_PCD_SOFCallback) for HAL_PCD_SOFCallback
    stm32f1xx_hal_pcd.o(i.HAL_PCD_Init) refers to usbd_conf.o(i.HAL_PCD_MspInit) for HAL_PCD_MspInit
    stm32f1xx_hal_pcd.o(i.HAL_PCD_Init) refers to stm32f1xx_ll_usb.o(i.USB_DisableGlobalInt) for USB_DisableGlobalInt
[...]
    ..\Middlewares\ST\STM32_USB_Device_Library\Class\CDC\Src\usbd_cdc.c 0x00000000   Number         0  usbd_cdc.o ABSOLUTE
    ..\Middlewares\ST\STM32_USB_Device_Library\Core\Src\usbd_core.c 0x00000000   Number         0  usbd_core.o ABSOLUTE
    ..\Middlewares\ST\STM32_USB_Device_Library\Core\Src\usbd_ctlreq.c 0x00000000   Number         0  usbd_ctlreq.o ABSOLUTE
    ..\Middlewares\ST\STM32_USB_Device_Library\Core\Src\usbd_ioreq.c 0x00000000   Number         0  usbd_ioreq.o ABSOLUTE
    ..\Src\main.c                            0x00000000   Number         0  main.o ABSOLUTE
    ..\Src\stm32f1xx_hal_msp.c               0x00000000   Number         0  stm32f1xx_hal_msp.o ABSOLUTE
    ..\Src\stm32f1xx_it.c                    0x00000000   Number         0  stm32f1xx_it.o ABSOLUTE
    ..\Src\usb_device.c                      0x00000000   Number         0  usb_device.o ABSOLUTE
    ..\Src\usbd_cdc_if.c                     0x00000000   Number         0  usbd_cdc_if.o ABSOLUTE
    ..\Src\usbd_conf.c                       0x00000000   Number         0  usbd_conf.o ABSOLUTE
    ..\Src\usbd_desc.c                       0x00000000   Number         0  usbd_desc.o ABSOLUTE
    ..\\Src\system_stm32f1xx.c               0x00000000   Number         0  system_stm32f1xx.o ABSOLUTE
    cdrcmple.s                               0x00000000   Number         0  cdrcmple.o ABSOLUTE
    dc.s                                     0x00000000   Number         0  dc.o ABSOLUTE
    handlers.s                               0x00000000   Number         0  handlers.o ABSOLUTE
    init.s                                   0x00000000   Number         0  init.o ABSOLUTE
    startup_stm32f103xb.s                    0x00000000   Number         0  startup_stm32f103xb.o ABSOLUTE
    RESET                                    0x08000000   Section      236  startup_stm32f103xb.o(RESET)
    .ARM.Collect$$$$00000000                 0x080000ec   Section        0  entry.o(.ARM.Collect$$$$00000000)
    .ARM.Collect$$$$00000001                 0x080000ec   Section        4  entry2.o(.ARM.Collect$$$$00000001)
    .ARM.Collect$$$$00000004                 0x080000f0   Section        4  entry5.o(.ARM.Collect$$$$00000004)
    .ARM.Collect$$$$00000008                 0x080000f4   Section        0  entry7b.o(.ARM.Collect$$$$00000008)
    .ARM.Collect$$$$0000000A                 0x080000f4   Section        0  entry8b.o(.ARM.Collect$$$$0000000A)
    .ARM.Collect$$$$0000000B                 0x080000f4   Section        8  entry9a.o(.ARM.Collect$$$$0000000B)
    .ARM.Collect$$$$0000000D                 0x080000fc   Section        0  entry10a.o(.ARM.Collect$$$$0000000D)
    .ARM.Collect$$$$0000000F                 0x080000fc   Section        0  entry11a.o(.ARM.Collect$$$$0000000F)
    .ARM.Collect$$$$00002712                 0x080000fc   Section        4  entry2.o(.ARM.Collect$$$$00002712)
    __lit__00000000                          0x080000fc   Data           4  entry2.o(.ARM.Collect$$$$00002712)
    .text                                    0x08000100   Section       36  startup_stm32f103xb.o(.text)
    .text                                    0x08000124   Section        0  memcpya.o(.text)
    .text                                    0x08000148   Section        0  strncpy.o(.text)
    .text                                    0x08000160   Section        0  strlen.o(.text)
    .text                                    0x0800016e   Section        0  uidiv.o(.text)
    .text                                    0x0800019c   Section       36  init.o(.text)
    .text                                    0x080001c0   Section        0  __dczerorl2.o(.text)
    i.ADC_ConversionStop_Disable             0x08000218   Section        0  stm32f1xx_hal_adc.o(i.ADC_ConversionStop_Disable)
    i.ADC_Enable                             0x08000264   Section        0  stm32f1xx_hal_adc.o(i.ADC_Enable)
    i.BusFault_Handler                       0x080002d4   Section        0  stm32f1xx_it.o(i.BusFault_Handler)
    i.CDC_Control_FS                         0x080002d6   Section        0  usbd_cdc_if.o(i.CDC_Control_FS)
    CDC_Control_FS                           0x080002d7   Thumb Code     4  usbd_cdc_if.o(i.CDC_Control_FS)
    i.CDC_DeInit_FS                          0x080002da   Section        0  usbd_cdc_if.o(i.CDC_DeInit_FS)
    CDC_DeInit_FS                            0x080002db   Thumb Code     4  usbd_cdc_if.o(i.CDC_DeInit_FS)
    i.CDC_Init_FS                            0x080002e0   Section        0  usbd_cdc_if.o(i.CDC_Init_FS)
    CDC_Init_FS                              0x080002e1   Thumb Code    24  usbd_cdc_if.o(i.CDC_Init_FS)
    i.CDC_Receive_FS                         0x08000304   Section        0  usbd_cdc_if.o(i.CDC_Receive_FS)
    CDC_Receive_FS                           0x08000305   Thumb Code    30  usbd_cdc_if.o(i.CDC_Receive_FS)
    i.CDC_Transmit_FS                        0x08000330   Section        0  usbd_cdc_if.o(i.CDC_Transmit_FS)
    i.DebugMon_Handler                       0x0800035c   Section        0  stm32f1xx_it.o(i.DebugMon_Handler)
    i.HAL_ADC_ConfigChannel                  0x08000360   Section        0  stm32f1xx_hal_adc.o(i.HAL_ADC_ConfigChannel)
    i.HAL_ADC_GetValue                       0x0800045c   Section        0  stm32f1xx_hal_adc.o(i.HAL_ADC_GetValue)
    i.HAL_ADC_Init                           0x08000464   Section        0  stm32f1xx_hal_adc.o(i.HAL_ADC_Init)
    i.HAL_ADC_MspInit                        0x08000580   Section        0  stm32f1xx_hal_msp.o(i.HAL_ADC_MspInit)
    i.HAL_ADC_PollForConversion              0x080005c0   Section        0  stm32f1xx_hal_adc.o(i.HAL_ADC_PollForConversion)
    i.HAL_ADC_Start                          0x080006f0   Section        0  stm32f1xx_hal_adc.o(i.HAL_ADC_Start)
    i.HAL_ADC_Stop                           0x080007b0   Section        0  stm32f1xx_hal_adc.o(i.HAL_ADC_Stop)
    i.HAL_Delay                              0x080007e4   Section        0  stm32f1xx_hal.o(i.HAL_Delay)
    i.HAL_GPIO_Init                          0x08000808   Section        0  stm32f1xx_hal_gpio.o(i.HAL_GPIO_Init)
    i.HAL_GPIO_WritePin                      0x080009c4   Section        0  stm32f1xx_hal_gpio.o(i.HAL_GPIO_WritePin)
    i.HAL_GetTick                            0x080009d0   Section        0  stm32f1xx_hal.o(i.HAL_GetTick)
    i.HAL_IncTick                            0x080009dc   Section        0  stm32f1xx_hal.o(i.HAL_IncTick)
    i.HAL_Init                               0x080009ec   Section        0  stm32f1xx_hal.o(i.HAL_Init)
    i.HAL_InitTick                           0x08000a10   Section        0  stm32f1xx_hal.o(i.HAL_InitTick)
    i.HAL_MspInit                            0x08000a50   Section        0  stm32f1xx_hal_msp.o(i.HAL_MspInit)
    i.HAL_NVIC_EnableIRQ                     0x08000ad0   Section        0  stm32f1xx_hal_cortex.o(i.HAL_NVIC_EnableIRQ)
    i.HAL_NVIC_SetPriority                   0x08000ae8   Section        0  stm32f1xx_hal_cortex.o(i.HAL_NVIC_SetPriority)
    i.HAL_NVIC_SetPriorityGrouping           0x08000b28   Section        0  stm32f1xx_hal_cortex.o(i.HAL_NVIC_SetPriorityGrouping)
    i.HAL_PCDEx_PMAConfig                    0x08000b4c   Section        0  stm32f1xx_hal_pcd_ex.o(i.HAL_PCDEx_PMAConfig)
    i.HAL_PCDEx_SetConnectionState           0x08000b80   Section        0  usbd_conf.o(i.HAL_PCDEx_SetConnectionState)
    i.HAL_PCD_DataInStageCallback            0x08000b82   Section        0  usbd_conf.o(i.HAL_PCD_DataInStageCallback)
    i.HAL_PCD_DataOutStageCallback           0x08000b90   Section        0  usbd_conf.o(i.HAL_PCD_DataOutStageCallback)
    i.HAL_PCD_EP_Close                       0x08000ba0   Section        0  stm32f1xx_hal_pcd.o(i.HAL_PCD_EP_Close)
    i.HAL_PCD_EP_ClrStall                    0x08000be0   Section        0  stm32f1xx_hal_pcd.o(i.HAL_PCD_EP_ClrStall)
    i.HAL_PCD_EP_GetRxCount                  0x08000c28   Section        0  stm32f1xx_hal_pcd.o(i.HAL_PCD_EP_GetRxCount)
    i.HAL_PCD_EP_Open                        0x08000c38   Section        0  stm32f1xx_hal_pcd.o(i.HAL_PCD_EP_Open)
    i.HAL_PCD_EP_Receive                     0x08000c7c   Section        0  stm32f1xx_hal_pcd.o(i.HAL_PCD_EP_Receive)
    i.HAL_PCD_EP_SetStall                    0x08000caa   Section        0  stm32f1xx_hal_pcd.o(i.HAL_PCD_EP_SetStall)
    i.HAL_PCD_EP_Transmit                    0x08000d00   Section        0  stm32f1xx_hal_pcd.o(i.HAL_PCD_EP_Transmit)
    i.HAL_PCD_IRQHandler                     0x08000d2a   Section        0  stm32f1xx_hal_pcd.o(i.HAL_PCD_IRQHandler)
    i.HAL_PCD_Init                           0x08000e38   Section        0  stm32f1xx_hal_pcd.o(i.HAL_PCD_Init)
    i.HAL_PCD_MspInit                        0x08000ef8   Section        0  usbd_conf.o(i.HAL_PCD_MspInit)
    i.HAL_PCD_ResetCallback                  0x08000f34   Section        0  usbd_conf.o(i.HAL_PCD_ResetCallback)
    i.HAL_PCD_ResumeCallback                 0x08000f4e   Section        0  usbd_conf.o(i.HAL_PCD_ResumeCallback)
    i.HAL_PCD_SOFCallback                    0x08000f56   Section        0  usbd_conf.o(i.HAL_PCD_SOFCallback)
    i.HAL_PCD_SetAddress                     0x08000f5e   Section        0  stm32f1xx_hal_pcd.o(i.HAL_PCD_SetAddress)
    i.HAL_PCD_SetupStageCallback             0x08000f86   Section        0  usbd_conf.o(i.HAL_PCD_SetupStageCallback)
    i.HAL_PCD_Start                          0x08000f94   Section        0  stm32f1xx_hal_pcd.o(i.HAL_PCD_Start)
    i.HAL_PCD_SuspendCallback                0x08000fc8   Section        0  usbd_conf.o(i.HAL_PCD_SuspendCallback)
    i.HAL_RCCEx_GetPeriphCLKFreq             0x08000fec   Section        0  stm32f1xx_hal_rcc_ex.o(i.HAL_RCCEx_GetPeriphCLKFreq)
    i.HAL_RCCEx_PeriphCLKConfig              0x080010b4   Section        0  stm32f1xx_hal_rcc_ex.o(i.HAL_RCCEx_PeriphCLKConfig)
    i.HAL_RCC_ClockConfig                    0x080011a0   Section        0  stm32f1xx_hal_rcc.o(i.HAL_RCC_ClockConfig)
    i.HAL_RCC_GetHCLKFreq                    0x080012f4   Section        0  stm32f1xx_hal_rcc.o(i.HAL_RCC_GetHCLKFreq)
    i.HAL_RCC_GetPCLK2Freq                   0x08001300   Section        0  stm32f1xx_hal_rcc.o(i.HAL_RCC_GetPCLK2Freq)
    i.HAL_RCC_GetSysClockFreq                0x08001320   Section        0  stm32f1xx_hal_rcc.o(i.HAL_RCC_GetSysClockFreq)
    i.HAL_RCC_OscConfig                      0x0800138c   Section        0  stm32f1xx_hal_rcc.o(i.HAL_RCC_OscConfig)
    i.HAL_SPI_Init                           0x08001690   Section        0  stm32f1xx_hal_spi_ex.o(i.HAL_SPI_Init)
    i.HAL_SPI_MspInit                        0x08001714   Section        0  stm32f1xx_hal_msp.o(i.HAL_SPI_MspInit)
    i.HAL_SPI_Transmit                       0x0800176c   Section        0  stm32f1xx_hal_spi.o(i.HAL_SPI_Transmit)
    i.HAL_SYSTICK_CLKSourceConfig            0x080018d4   Section        0  stm32f1xx_hal_cortex.o(i.HAL_SYSTICK_CLKSourceConfig)
    i.HAL_SYSTICK_Callback                   0x080018ec   Section        0  stm32f1xx_hal_cortex.o(i.HAL_SYSTICK_Callback)
    i.HAL_SYSTICK_Config                     0x080018ee   Section        0  stm32f1xx_hal_cortex.o(i.HAL_SYSTICK_Config)
    i.HAL_SYSTICK_IRQHandler                 0x08001916   Section        0  stm32f1xx_hal_cortex.o(i.HAL_SYSTICK_IRQHandler)
    i.HAL_TIMEx_BreakCallback                0x0800191e   Section        0  stm32f1xx_hal_tim_ex.o(i.HAL_TIMEx_BreakCallback)
    i.HAL_TIMEx_CommutationCallback          0x08001920   Section        0  stm32f1xx_hal_tim_ex.o(i.HAL_TIMEx_CommutationCallback)
    i.HAL_TIMEx_MasterConfigSynchronization  0x08001922   Section        0  stm32f1xx_hal_tim_ex.o(i.HAL_TIMEx_MasterConfigSynchronization)
    i.HAL_TIM_Base_Init                      0x08001972   Section        0  stm32f1xx_hal_tim.o(i.HAL_TIM_Base_Init)
    i.HAL_TIM_Base_MspInit                   0x080019a8   Section        0  stm32f1xx_hal_msp.o(i.HAL_TIM_Base_MspInit)
    i.HAL_TIM_Base_Start                     0x080019e0   Section        0  stm32f1xx_hal_tim.o(i.HAL_TIM_Base_Start)
    i.HAL_TIM_Base_Start_IT                  0x080019fa   Section        0  stm32f1xx_hal_tim.o(i.HAL_TIM_Base_Start_IT)
    i.HAL_TIM_ConfigClockSource              0x08001a12   Section        0  stm32f1xx_hal_tim.o(i.HAL_TIM_ConfigClockSource)
    i.HAL_TIM_IC_CaptureCallback             0x08001b04   Section        0  stm32f1xx_hal_tim.o(i.HAL_TIM_IC_CaptureCallback)
    i.HAL_TIM_IRQHandler                     0x08001b06   Section        0  stm32f1xx_hal_tim.o(i.HAL_TIM_IRQHandler)
    i.HAL_TIM_OC_DelayElapsedCallback        0x08001c6c   Section        0  stm32f1xx_hal_tim.o(i.HAL_TIM_OC_DelayElapsedCallback)
    i.HAL_TIM_PWM_PulseFinishedCallback      0x08001c6e   Section        0  stm32f1xx_hal_tim.o(i.HAL_TIM_PWM_PulseFinishedCallback)
    i.HAL_TIM_PeriodElapsedCallback          0x08001c70   Section        0  stm32f1xx_hal_tim.o(i.HAL_TIM_PeriodElapsedCallback)
    i.HAL_TIM_TriggerCallback                0x08001c72   Section        0  stm32f1xx_hal_tim.o(i.HAL_TIM_TriggerCallback)
    i.HardFault_Handler                      0x08001c74   Section        0  stm32f1xx_it.o(i.HardFault_Handler)
    i.MX_ADC1_Init                           0x08001c78   Section        0  main.o(i.MX_ADC1_Init)
    MX_ADC1_Init                             0x08001c79   Thumb Code    58  main.o(i.MX_ADC1_Init)
    i.MX_GPIO_Init                           0x08001cbc   Section        0  main.o(i.MX_GPIO_Init)
    MX_GPIO_Init                             0x08001cbd   Thumb Code    90  main.o(i.MX_GPIO_Init)
    i.MX_SPI1_Init                           0x08001d20   Section        0  main.o(i.MX_SPI1_Init)
    MX_SPI1_Init                             0x08001d21   Thumb Code    56  main.o(i.MX_SPI1_Init)
    i.MX_TIM2_Init                           0x08001d60   Section        0  main.o(i.MX_TIM2_Init)
    MX_TIM2_Init                             0x08001d61   Thumb Code    80  main.o(i.MX_TIM2_Init)
    i.MX_USB_DEVICE_Init                     0x08001db4   Section        0  usb_device.o(i.MX_USB_DEVICE_Init)
    i.MemManage_Handler                      0x08001dec   Section        0  stm32f1xx_it.o(i.MemManage_Handler)
    i.NMI_Handler                            0x08001dee   Section        0  stm32f1xx_it.o(i.NMI_Handler)
    i.NVIC_SetPriority                       0x08001df0   Section        0  stm32f1xx_hal_cortex.o(i.NVIC_SetPriority)
    NVIC_SetPriority                         0x08001df1   Thumb Code    32  stm32f1xx_hal_cortex.o(i.NVIC_SetPriority)
    i.PCD_EP_ISR_Handler                     0x08001e10   Section        0  stm32f1xx_hal_pcd.o(i.PCD_EP_ISR_Handler)
    PCD_EP_ISR_Handler                       0x08001e11   Thumb Code   866  stm32f1xx_hal_pcd.o(i.PCD_EP_ISR_Handler)
    i.PendSV_Handler                         0x08002172   Section        0  stm32f1xx_it.o(i.PendSV_Handler)
    i.SPI_CheckFlag_BSY                      0x08002174   Section        0  stm32f1xx_hal_spi.o(i.SPI_CheckFlag_BSY)
    SPI_CheckFlag_BSY                        0x08002175   Thumb Code    32  stm32f1xx_hal_spi.o(i.SPI_CheckFlag_BSY)
    i.SPI_WaitFlagStateUntilTimeout          0x08002194   Section        0  stm32f1xx_hal_spi.o(i.SPI_WaitFlagStateUntilTimeout)
    SPI_WaitFlagStateUntilTimeout            0x08002195   Thumb Code   150  stm32f1xx_hal_spi.o(i.SPI_WaitFlagStateUntilTimeout)
    i.SVC_Handler                            0x0800222a   Section        0  stm32f1xx_it.o(i.SVC_Handler)
    i.SysTick_Handler                        0x0800222c   Section        0  stm32f1xx_it.o(i.SysTick_Handler)
    i.SystemClock_Config                     0x0800223a   Section        0  main.o(i.SystemClock_Config)
    i.SystemInit                             0x080022b8   Section        0  system_stm32f1xx.o(i.SystemInit)
    i.TIM2_IRQHandler                        0x08002300   Section        0  stm32f1xx_it.o(i.TIM2_IRQHandler)
    i.TIM_Base_SetConfig                     0x0800233c   Section        0  stm32f1xx_hal_tim.o(i.TIM_Base_SetConfig)
    i.TIM_ETR_SetConfig                      0x080023a8   Section        0  stm32f1xx_hal_tim.o(i.TIM_ETR_SetConfig)
    TIM_ETR_SetConfig                        0x080023a9   Thumb Code    20  stm32f1xx_hal_tim.o(i.TIM_ETR_SetConfig)
    i.TIM_ITRx_SetConfig                     0x080023bc   Section        0  stm32f1xx_hal_tim.o(i.TIM_ITRx_SetConfig)
    TIM_ITRx_SetConfig                       0x080023bd   Thumb Code    16  stm32f1xx_hal_tim.o(i.TIM_ITRx_SetConfig)
    i.TIM_TI1_ConfigInputStage               0x080023cc   Section        0  stm32f1xx_hal_tim.o(i.TIM_TI1_ConfigInputStage)
    TIM_TI1_ConfigInputStage                 0x080023cd   Thumb Code    34  stm32f1xx_hal_tim.o(i.TIM_TI1_ConfigInputStage)
    i.TIM_TI2_ConfigInputStage               0x080023ee   Section        0  stm32f1xx_hal_tim.o(i.TIM_TI2_ConfigInputStage)
    TIM_TI2_ConfigInputStage                 0x080023ef   Thumb Code    36  stm32f1xx_hal_tim.o(i.TIM_TI2_ConfigInputStage)
    i.USBD_CDC_DataIn                        0x08002412   Section        0  usbd_cdc.o(i.USBD_CDC_DataIn)
    USBD_CDC_DataIn                          0x08002413   Thumb Code    20  usbd_cdc.o(i.USBD_CDC_DataIn)
    i.USBD_CDC_DataOut                       0x08002426   Section        0  usbd_cdc.o(i.USBD_CDC_DataOut)
    USBD_CDC_DataOut                         0x08002427   Thumb Code    46  usbd_cdc.o(i.USBD_CDC_DataOut)
    i.USBD_CDC_DeInit                        0x08002454   Section        0  usbd_cdc.o(i.USBD_CDC_DeInit)
    USBD_CDC_DeInit                          0x08002455   Thumb Code    60  usbd_cdc.o(i.USBD_CDC_DeInit)
    i.USBD_CDC_EP0_RxReady                   0x08002490   Section        0  usbd_cdc.o(i.USBD_CDC_EP0_RxReady)
    USBD_CDC_EP0_RxReady                     0x08002491   Thumb Code    36  usbd_cdc.o(i.USBD_CDC_EP0_RxReady)
    i.USBD_CDC_GetDeviceQualifierDescriptor  0x080024b4   Section        0  usbd_cdc.o(i.USBD_CDC_GetDeviceQualifierDescriptor)
    i.USBD_CDC_GetFSCfgDesc                  0x080024c0   Section        0  usbd_cdc.o(i.USBD_CDC_GetFSCfgDesc)
    USBD_CDC_GetFSCfgDesc                    0x080024c1   Thumb Code     8  usbd_cdc.o(i.USBD_CDC_GetFSCfgDesc)
    i.USBD_CDC_GetHSCfgDesc                  0x080024cc   Section        0  usbd_cdc.o(i.USBD_CDC_GetHSCfgDesc)
    USBD_CDC_GetHSCfgDesc                    0x080024cd   Thumb Code     8  usbd_cdc.o(i.USBD_CDC_GetHSCfgDesc)
    i.USBD_CDC_GetOtherSpeedCfgDesc          0x080024d8   Section        0  usbd_cdc.o(i.USBD_CDC_GetOtherSpeedCfgDesc)
    USBD_CDC_GetOtherSpeedCfgDesc            0x080024d9   Thumb Code     8  usbd_cdc.o(i.USBD_CDC_GetOtherSpeedCfgDesc)
    i.USBD_CDC_Init                          0x080024e4   Section        0  usbd_cdc.o(i.USBD_CDC_Init)
    USBD_CDC_Init                            0x080024e5   Thumb Code   136  usbd_cdc.o(i.USBD_CDC_Init)
    i.USBD_CDC_ReceivePacket                 0x0800256c   Section        0  usbd_cdc.o(i.USBD_CDC_ReceivePacket)
    i.USBD_CDC_RegisterInterface             0x08002594   Section        0  usbd_cdc.o(i.USBD_CDC_RegisterInterface)
    i.USBD_CDC_SetRxBuffer                   0x080025a4   Section        0  usbd_cdc.o(i.USBD_CDC_SetRxBuffer)
    i.USBD_CDC_SetTxBuffer                   0x080025b0   Section        0  usbd_cdc.o(i.USBD_CDC_SetTxBuffer)
    i.USBD_CDC_Setup                         0x080025c0   Section        0  usbd_cdc.o(i.USBD_CDC_Setup)
    USBD_CDC_Setup                           0x080025c1   Thumb Code   106  usbd_cdc.o(i.USBD_CDC_Setup)
    i.USBD_CDC_TransmitPacket                0x08002630   Section        0  usbd_cdc.o(i.USBD_CDC_TransmitPacket)
    i.USBD_ClrClassConfig                    0x08002660   Section        0  usbd_core.o(i.USBD_ClrClassConfig)
    i.USBD_CtlContinueRx                     0x0800266e   Section        0  usbd_ioreq.o(i.USBD_CtlContinueRx)
    i.USBD_CtlContinueSendData               0x0800267e   Section        0  usbd_ioreq.o(i.USBD_CtlContinueSendData)
    i.USBD_CtlError                          0x0800268e   Section        0  usbd_ctlreq.o(i.USBD_CtlError)
    i.USBD_CtlPrepareRx                      0x080026a4   Section        0  usbd_ioreq.o(i.USBD_CtlPrepareRx)
    i.USBD_CtlReceiveStatus                  0x080026c2   Section        0  usbd_ioreq.o(i.USBD_CtlReceiveStatus)
    i.USBD_CtlSendData                       0x080026d8   Section        0  usbd_ioreq.o(i.USBD_CtlSendData)
    i.USBD_CtlSendStatus                     0x080026f2   Section        0  usbd_ioreq.o(i.USBD_CtlSendStatus)
    i.USBD_FS_ConfigStrDescriptor            0x08002708   Section        0  usbd_desc.o(i.USBD_FS_ConfigStrDescriptor)
    i.USBD_FS_DeviceDescriptor               0x08002728   Section        0  usbd_desc.o(i.USBD_FS_DeviceDescriptor)
    i.USBD_FS_InterfaceStrDescriptor         0x08002734   Section        0  usbd_desc.o(i.USBD_FS_InterfaceStrDescriptor)
    i.USBD_FS_LangIDStrDescriptor            0x08002758   Section        0  usbd_desc.o(i.USBD_FS_LangIDStrDescriptor)
    i.USBD_FS_ManufacturerStrDescriptor      0x08002764   Section        0  usbd_desc.o(i.USBD_FS_ManufacturerStrDescriptor)
    i.USBD_FS_ProductStrDescriptor           0x08002780   Section        0  usbd_desc.o(i.USBD_FS_ProductStrDescriptor)
    i.USBD_FS_SerialStrDescriptor            0x0800279c   Section        0  usbd_desc.o(i.USBD_FS_SerialStrDescriptor)
    i.USBD_GetDescriptor                     0x080027c0   Section        0  usbd_ctlreq.o(i.USBD_GetDescriptor)
    USBD_GetDescriptor                       0x080027c1   Thumb Code   224  usbd_ctlreq.o(i.USBD_GetDescriptor)
    i.USBD_GetString                         0x080028a0   Section        0  usbd_ctlreq.o(i.USBD_GetString)
    i.USBD_Init                              0x080028e6   Section        0  usbd_core.o(i.USBD_Init)
    i.USBD_LL_ClearStallEP                   0x08002910   Section        0  usbd_conf.o(i.USBD_LL_ClearStallEP)
    i.USBD_LL_CloseEP                        0x08002930   Section        0  usbd_conf.o(i.USBD_LL_CloseEP)
    i.USBD_LL_DataInStage                    0x08002950   Section        0  usbd_core.o(i.USBD_LL_DataInStage)
    i.USBD_LL_DataOutStage                   0x080029fa   Section        0  usbd_core.o(i.USBD_LL_DataOutStage)
    i.USBD_LL_GetRxDataSize                  0x08002a64   Section        0  usbd_conf.o(i.USBD_LL_GetRxDataSize)
    i.USBD_LL_Init                           0x08002a6c   Section        0  usbd_conf.o(i.USBD_LL_Init)
    i.USBD_LL_IsStallEP                      0x08002b0c   Section        0  usbd_conf.o(i.USBD_LL_IsStallEP)
    i.USBD_LL_OpenEP                         0x08002b28   Section        0  usbd_conf.o(i.USBD_LL_OpenEP)
    i.USBD_LL_PrepareReceive                 0x08002b4e   Section        0  usbd_conf.o(i.USBD_LL_PrepareReceive)
    i.USBD_LL_Reset                          0x08002b6e   Section        0  usbd_core.o(i.USBD_LL_Reset)
    i.USBD_LL_Resume                         0x08002bac   Section        0  usbd_core.o(i.USBD_LL_Resume)
    i.USBD_LL_SOF                            0x08002bb8   Section        0  usbd_core.o(i.USBD_LL_SOF)
    i.USBD_LL_SetSpeed                       0x08002bd0   Section        0  usbd_core.o(i.USBD_LL_SetSpeed)
    i.USBD_LL_SetUSBAddress                  0x08002bd6   Section        0  usbd_conf.o(i.USBD_LL_SetUSBAddress)
    i.USBD_LL_SetupStage                     0x08002bf6   Section        0  usbd_core.o(i.USBD_LL_SetupStage)
    i.USBD_LL_StallEP                        0x08002c50   Section        0  usbd_conf.o(i.USBD_LL_StallEP)
    i.USBD_LL_Start                          0x08002c70   Section        0  usbd_conf.o(i.USBD_LL_Start)
    i.USBD_LL_Suspend                        0x08002c90   Section        0  usbd_core.o(i.USBD_LL_Suspend)
    i.USBD_LL_Transmit                       0x08002ca2   Section        0  usbd_conf.o(i.USBD_LL_Transmit)
    i.USBD_ParseSetupRequest                 0x08002cc2   Section        0  usbd_ctlreq.o(i.USBD_ParseSetupRequest)
    i.USBD_RegisterClass                     0x08002cea   Section        0  usbd_core.o(i.USBD_RegisterClass)
    i.USBD_SetClassConfig                    0x08002cfa   Section        0  usbd_core.o(i.USBD_SetClassConfig)
    i.USBD_SetConfig                         0x08002d10   Section        0  usbd_ctlreq.o(i.USBD_SetConfig)
    USBD_SetConfig                           0x08002d11   Thumb Code   110  usbd_ctlreq.o(i.USBD_SetConfig)
    i.USBD_Start                             0x08002d84   Section        0  usbd_core.o(i.USBD_Start)
    i.USBD_StdDevReq                         0x08002d8e   Section        0  usbd_ctlreq.o(i.USBD_StdDevReq)
    i.USBD_StdEPReq                          0x08002e80   Section        0  usbd_ctlreq.o(i.USBD_StdEPReq)
    i.USBD_StdItfReq                         0x08002f5c   Section        0  usbd_ctlreq.o(i.USBD_StdItfReq)
    i.USBD_static_free                       0x08002f90   Section        0  usbd_conf.o(i.USBD_static_free)
    i.USBD_static_malloc                     0x08002f94   Section        0  usbd_conf.o(i.USBD_static_malloc)
    i.USB_ActivateEndpoint                   0x08002f9c   Section        0  stm32f1xx_ll_usb.o(i.USB_ActivateEndpoint)
    i.USB_CoreInit                           0x080031f8   Section        0  stm32f1xx_ll_usb.o(i.USB_CoreInit)
    i.USB_DeactivateEndpoint                 0x080031fc   Section        0  stm32f1xx_ll_usb.o(i.USB_DeactivateEndpoint)
    i.USB_DevConnect                         0x08003320   Section        0  stm32f1xx_ll_usb.o(i.USB_DevConnect)
    i.USB_DevDisconnect                      0x08003324   Section        0  stm32f1xx_ll_usb.o(i.USB_DevDisconnect)
    i.USB_DevInit                            0x08003328   Section        0  stm32f1xx_ll_usb.o(i.USB_DevInit)
    i.USB_DisableGlobalInt                   0x08003346   Section        0  stm32f1xx_ll_usb.o(i.USB_DisableGlobalInt)
    i.USB_EP0_OutStart                       0x08003354   Section        0  stm32f1xx_ll_usb.o(i.USB_EP0_OutStart)
    i.USB_EPClearStall                       0x08003358   Section        0  stm32f1xx_ll_usb.o(i.USB_EPClearStall)
    i.USB_EPSetStall                         0x080033c2   Section        0  stm32f1xx_ll_usb.o(i.USB_EPSetStall)
    i.USB_EPStartXfer                        0x0800340c   Section        0  stm32f1xx_ll_usb.o(i.USB_EPStartXfer)
    i.USB_EnableGlobalInt                    0x080035b6   Section        0  stm32f1xx_ll_usb.o(i.USB_EnableGlobalInt)
    i.USB_LP_CAN1_RX0_IRQHandler             0x080035c4   Section        0  stm32f1xx_it.o(i.USB_LP_CAN1_RX0_IRQHandler)
    i.USB_ReadInterrupts                     0x080035d0   Section        0  stm32f1xx_ll_usb.o(i.USB_ReadInterrupts)
    i.USB_ReadPMA                            0x080035d8   Section        0  stm32f1xx_ll_usb.o(i.USB_ReadPMA)
    i.USB_SetCurrentMode                     0x080035f6   Section        0  stm32f1xx_ll_usb.o(i.USB_SetCurrentMode)
    i.USB_SetDevAddress                      0x080035fa   Section        0  stm32f1xx_ll_usb.o(i.USB_SetDevAddress)
    i.USB_WritePMA                           0x08003606   Section        0  stm32f1xx_ll_usb.o(i.USB_WritePMA)
    i.UsageFault_Handler                     0x0800362c   Section        0  stm32f1xx_it.o(i.UsageFault_Handler)
    i._Error_Handler                         0x0800362e   Section        0  main.o(i._Error_Handler)
    i.__0sprintf$1                           0x08003630   Section        0  printf1.o(i.__0sprintf$1)
    i.__scatterload_copy                     0x08003658   Section       14  handlers.o(i.__scatterload_copy)
    i.__scatterload_null                     0x08003666   Section        2  handlers.o(i.__scatterload_null)
    i.__scatterload_zeroinit                 0x08003668   Section       14  handlers.o(i.__scatterload_zeroinit)
    i._printf_core                           0x08003678   Section        0  printf1.o(i._printf_core)
    _printf_core                             0x08003679   Thumb Code   336  printf1.o(i._printf_core)
    i._sputc                                 0x080037cc   Section        0  printf1.o(i._sputc)
    _sputc                                   0x080037cd   Thumb Code    10  printf1.o(i._sputc)
    i.main                                   0x080037d8   Section        0  main.o(i.main)
    i.send_gain                              0x08003848   Section        0  main.o(i.send_gain)
    .constdata                               0x080038d4   Section       16  system_stm32f1xx.o(.constdata)
    .constdata                               0x080038e4   Section        8  system_stm32f1xx.o(.constdata)
    .data                                    0x20000000   Section       12  stm32f1xx_hal.o(.data)
    .data                                    0x2000000c   Section        4  system_stm32f1xx.o(.data)
    .data                                    0x20000010   Section       16  usbd_cdc_if.o(.data)
    .data                                    0x20000020   Section        1  usbd_cdc_if.o(.data)
    .data                                    0x20000022   Section        6  main.o(.data)
    .data                                    0x20000028   Section       28  usbd_desc.o(.data)
    .data                                    0x20000044   Section       22  usbd_desc.o(.data)
    .data                                    0x2000005a   Section        1  usbd_ctlreq.o(.data)
    cfgidx                                   0x2000005a   Data           1  usbd_ctlreq.o(.data)
    .data                                    0x2000005c   Section      219  usbd_cdc.o(.data)
    ifalt                                    0x2000005c   Data           1  usbd_cdc.o(.data)
    USBD_CDC_DeviceQualifierDesc             0x20000060   Data          10  usbd_cdc.o(.data)
    .data                                    0x20000138   Section       56  usbd_cdc.o(.data)
    .bss                                     0x20000170   Section     2000  usbd_cdc_if.o(.bss)
    .bss                                     0x20000940   Section     1664  usbd_conf.o(.bss)
    mem                                      0x20000940   Data         544  usbd_conf.o(.bss)
    .bss                                     0x20000fc0   Section      200  main.o(.bss)
    .bss                                     0x20001088   Section        9  main.o(.bss)
    .bss                                     0x20001094   Section      512  usbd_desc.o(.bss)
    .bss                                     0x20001294   Section      548  usb_device.o(.bss)
    STACK                                    0x200014b8   Section     1024  startup_stm32f103xb.o(STACK)

    Global Symbols

    Symbol Name                              Value     Ov Type        Size  Object(Section)

    BuildAttributes$$THM_ISAv4$P$D$K$B$S$PE$A:L22UL41UL21$X:L11$S22US41US21$IEEE1$IW$USESV6$~STKCKD$USESV7$~SHL$OSPACE$ROPI$EBA8$MICROLIB$REQ8$PRES8$EABIv2 0x00000000   Number         0  anon$$obj.o ABSOLUTE
    __ARM_use_no_argv                        0x00000000   Number         0  main.o ABSOLUTE
    _printf_a                                0x00000000   Number         0  stubs.o ABSOLUTE
    _printf_c                                0x00000000   Number         0  stubs.o ABSOLUTE
    _printf_charcount                        0x00000000   Number         0  stubs.o ABSOLUTE
    _printf_d                                0x00000000   Number         0  stubs.o ABSOLUTE
    _printf_e                                0x00000000   Number         0  stubs.o ABSOLUTE
    _printf_f                                0x00000000   Number         0  stubs.o ABSOLUTE
    _printf_flags                            0x00000000   Number         0  stubs.o ABSOLUTE
    _printf_fp_dec                           0x00000000   Number         0  stubs.o ABSOLUTE
    _printf_fp_hex                           0x00000000   Number         0  stubs.o ABSOLUTE
    _printf_g                                0x00000000   Number         0  stubs.o ABSOLUTE
    _printf_i                                0x00000000   Number         0  stubs.o ABSOLUTE
    _printf_int_dec                          0x00000000   Number         0  stubs.o ABSOLUTE
    _printf_l                                0x00000000   Number         0  stubs.o ABSOLUTE
    _printf_lc                               0x00000000   Number         0  stubs.o ABSOLUTE
    _printf_ll                               0x00000000   Number         0  stubs.o ABSOLUTE
    _printf_lld                              0x00000000   Number         0  stubs.o ABSOLUTE
    _printf_lli                              0x00000000   Number         0  stubs.o ABSOLUTE
    _printf_llo                              0x00000000   Number         0  stubs.o ABSOLUTE
    _printf_llu                              0x00000000   Number         0  stubs.o ABSOLUTE
    _printf_llx                              0x00000000   Number         0  stubs.o ABSOLUTE
    _printf_longlong_dec                     0x00000000   Number         0  stubs.o ABSOLUTE
    _printf_longlong_hex                     0x00000000   Number         0  stubs.o ABSOLUTE
    _printf_longlong_oct                     0x00000000   Number         0  stubs.o ABSOLUTE
    _printf_ls                               0x00000000   Number         0  stubs.o ABSOLUTE
    _printf_mbtowc                           0x00000000   Number         0  stubs.o ABSOLUTE
    _printf_n                                0x00000000   Number         0  stubs.o ABSOLUTE
    _printf_o                                0x00000000   Number         0  stubs.o ABSOLUTE
    _printf_p                                0x00000000   Number         0  stubs.o ABSOLUTE
    _printf_percent                          0x00000000   Number         0  stubs.o ABSOLUTE
    _printf_pre_padding                      0x00000000   Number         0  stubs.o ABSOLUTE
    _printf_return_value                     0x00000000   Number         0  stubs.o ABSOLUTE
    _printf_s                                0x00000000   Number         0  stubs.o ABSOLUTE
    _printf_sizespec                         0x00000000   Number         0  stubs.o ABSOLUTE
    _printf_str                              0x00000000   Number         0  stubs.o ABSOLUTE
    _printf_truncate_signed                  0x00000000   Number         0  stubs.o ABSOLUTE
    _printf_truncate_unsigned                0x00000000   Number         0  stubs.o ABSOLUTE
    _printf_u                                0x00000000   Number         0  stubs.o ABSOLUTE
    _printf_wc                               0x00000000   Number         0  stubs.o ABSOLUTE
    _printf_wctomb                           0x00000000   Number         0  stubs.o ABSOLUTE
    _printf_widthprec                        0x00000000   Number         0  stubs.o ABSOLUTE
    _printf_x                                0x00000000   Number         0  stubs.o ABSOLUTE
    __cpp_initialize__aeabi_                  - Undefined Weak Reference
    __cxa_finalize                            - Undefined Weak Reference
    _clock_init                               - Undefined Weak Reference
    _microlib_exit                            - Undefined Weak Reference
    __Vectors_Size                           0x000000ec   Number         0  startup_stm32f103xb.o ABSOLUTE
    __Vectors                                0x08000000   Data           4  startup_stm32f103xb.o(RESET)
    __Vectors_End                            0x080000ec   Data           0  startup_stm32f103xb.o(RESET)
    __main                                   0x080000ed   Thumb Code     0  entry.o(.ARM.Collect$$$$00000000)
    _main_stk                                0x080000ed   Thumb Code     0  entry2.o(.ARM.Collect$$$$00000001)
    _main_scatterload                        0x080000f1   Thumb Code     0  entry5.o(.ARM.Collect$$$$00000004)
    __main_after_scatterload                 0x080000f5   Thumb Code     0  entry5.o(.ARM.Collect$$$$00000004)
    _main_clock                              0x080000f5   Thumb Code     0  entry7b.o(.ARM.Collect$$$$00000008)
    _main_cpp_init                           0x080000f5   Thumb Code     0  entry8b.o(.ARM.Collect$$$$0000000A)
    _main_init                               0x080000f5   Thumb Code     0  entry9a.o(.ARM.Collect$$$$0000000B)
    __rt_final_cpp                           0x080000fd   Thumb Code     0  entry10a.o(.ARM.Collect$$$$0000000D)
    __rt_final_exit                          0x080000fd   Thumb Code     0  entry11a.o(.ARM.Collect$$$$0000000F)
    Reset_Handler                            0x08000101   Thumb Code     8  startup_stm32f103xb.o(.text)
    ADC1_2_IRQHandler                        0x0800011b   Thumb Code     0  startup_stm32f103xb.o(.text)
    CAN1_RX1_IRQHandler                      0x0800011b   Thumb Code     0  startup_stm32f103xb.o(.text)
    CAN1_SCE_IRQHandler                      0x0800011b   Thumb Code     0  startup_stm32f103xb.o(.text)
    DMA1_Channel1_IRQHandler                 0x0800011b   Thumb Code     0  startup_stm32f103xb.o(.text)
    DMA1_Channel2_IRQHandler                 0x0800011b   Thumb Code     0  startup_stm32f103xb.o(.text)
    DMA1_Channel3_IRQHandler                 0x0800011b   Thumb Code     0  startup_stm32f103xb.o(.text)
    DMA1_Channel4_IRQHandler                 0x0800011b   Thumb Code     0  startup_stm32f103xb.o(.text)
    DMA1_Channel5_IRQHandler                 0x0800011b   Thumb Code     0  startup_stm32f103xb.o(.text)
    DMA1_Channel6_IRQHandler                 0x0800011b   Thumb Code     0  startup_stm32f103xb.o(.text)
    DMA1_Channel7_IRQHandler                 0x0800011b   Thumb Code     0  startup_stm32f103xb.o(.text)
    EXTI0_IRQHandler                         0x0800011b   Thumb Code     0  startup_stm32f103xb.o(.text)
    EXTI15_10_IRQHandler                     0x0800011b   Thumb Code     0  startup_stm32f103xb.o(.text)
    EXTI1_IRQHandler                         0x0800011b   Thumb Code     0  startup_stm32f103xb.o(.text)
    EXTI2_IRQHandler                         0x0800011b   Thumb Code     0  startup_stm32f103xb.o(.text)
    EXTI3_IRQHandler                         0x0800011b   Thumb Code     0  startup_stm32f103xb.o(.text)
    EXTI4_IRQHandler                         0x0800011b   Thumb Code     0  startup_stm32f103xb.o(.text)
    EXTI9_5_IRQHandler                       0x0800011b   Thumb Code     0  startup_stm32f103xb.o(.text)
    FLASH_IRQHandler                         0x0800011b   Thumb Code     0  startup_stm32f103xb.o(.text)
    I2C1_ER_IRQHandler                       0x0800011b   Thumb Code     0  startup_stm32f103xb.o(.text)
    I2C1_EV_IRQHandler                       0x0800011b   Thumb Code     0  startup_stm32f103xb.o(.text)
    I2C2_ER_IRQHandler                       0x0800011b   Thumb Code     0  startup_stm32f103xb.o(.text)
    I2C2_EV_IRQHandler                       0x0800011b   Thumb Code     0  startup_stm32f103xb.o(.text)
    PVD_IRQHandler                           0x0800011b   Thumb Code     0  startup_stm32f103xb.o(.text)
    RCC_IRQHandler                           0x0800011b   Thumb Code     0  startup_stm32f103xb.o(.text)
    RTC_Alarm_IRQHandler                     0x0800011b   Thumb Code     0  startup_stm32f103xb.o(.text)
    RTC_IRQHandler                           0x0800011b   Thumb Code     0  startup_stm32f103xb.o(.text)
    SPI1_IRQHandler                          0x0800011b   Thumb Code     0  startup_stm32f103xb.o(.text)
    SPI2_IRQHandler                          0x0800011b   Thumb Code     0  startup_stm32f103xb.o(.text)
    TAMPER_IRQHandler                        0x0800011b   Thumb Code     0  startup_stm32f103xb.o(.text)
    TIM1_BRK_IRQHandler                      0x0800011b   Thumb Code     0  startup_stm32f103xb.o(.text)
    TIM1_CC_IRQHandler                       0x0800011b   Thumb Code     0  startup_stm32f103xb.o(.text)
    TIM1_TRG_COM_IRQHandler                  0x0800011b   Thumb Code     0  startup_stm32f103xb.o(.text)
    TIM1_UP_IRQHandler                       0x0800011b   Thumb Code     0  startup_stm32f103xb.o(.text)
    TIM3_IRQHandler                          0x0800011b   Thumb Code     0  startup_stm32f103xb.o(.text)
    TIM4_IRQHandler                          0x0800011b   Thumb Code     0  startup_stm32f103xb.o(.text)
    USART1_IRQHandler                        0x0800011b   Thumb Code     0  startup_stm32f103xb.o(.text)
    USART2_IRQHandler                        0x0800011b   Thumb Code     0  startup_stm32f103xb.o(.text)
    USART3_IRQHandler                        0x0800011b   Thumb Code     0  startup_stm32f103xb.o(.text)
    USBWakeUp_IRQHandler                     0x0800011b   Thumb Code     0  startup_stm32f103xb.o(.text)
    USB_HP_CAN1_TX_IRQHandler                0x0800011b   Thumb Code     0  startup_stm32f103xb.o(.text)
    WWDG_IRQHandler                          0x0800011b   Thumb Code     0  startup_stm32f103xb.o(.text)
    __aeabi_memcpy                           0x08000125   Thumb Code    36  memcpya.o(.text)
    __aeabi_memcpy4                          0x08000125   Thumb Code     0  memcpya.o(.text)
    __aeabi_memcpy8                          0x08000125   Thumb Code     0  memcpya.o(.text)
    strncpy                                  0x08000149   Thumb Code    24  strncpy.o(.text)
    strlen                                   0x08000161   Thumb Code    14  strlen.o(.text)
    __aeabi_uidiv                            0x0800016f   Thumb Code     0  uidiv.o(.text)
    __aeabi_uidivmod                         0x0800016f   Thumb Code    44  uidiv.o(.text)
    __scatterload                            0x0800019d   Thumb Code    28  init.o(.text)
    __scatterload_rt2                        0x0800019d   Thumb Code     0  init.o(.text)
    __decompress                             0x080001c1   Thumb Code     0  __dczerorl2.o(.text)
    __decompress1                            0x080001c1   Thumb Code    86  __dczerorl2.o(.text)
    ADC_ConversionStop_Disable               0x08000219   Thumb Code    76  stm32f1xx_hal_adc.o(i.ADC_ConversionStop_Disable)
    ADC_Enable                               0x08000265   Thumb Code   104  stm32f1xx_hal_adc.o(i.ADC_Enable)
    BusFault_Handler                         0x080002d5   Thumb Code     2  stm32f1xx_it.o(i.BusFault_Handler)
    CDC_Transmit_FS                          0x08000331   Thumb Code    38  usbd_cdc_if.o(i.CDC_Transmit_FS)
    DebugMon_Handler                         0x0800035d   Thumb Code     2  stm32f1xx_it.o(i.DebugMon_Handler)
    HAL_ADC_ConfigChannel                    0x08000361   Thumb Code   240  stm32f1xx_hal_adc.o(i.HAL_ADC_ConfigChannel)
    HAL_ADC_GetValue                         0x0800045d   Thumb Code     6  stm32f1xx_hal_adc.o(i.HAL_ADC_GetValue)
    HAL_ADC_Init                             0x08000465   Thumb Code   272  stm32f1xx_hal_adc.o(i.HAL_ADC_Init)
    HAL_ADC_MspInit                          0x08000581   Thumb Code    50  stm32f1xx_hal_msp.o(i.HAL_ADC_MspInit)
    HAL_ADC_PollForConversion                0x080005c1   Thumb Code   290  stm32f1xx_hal_adc.o(i.HAL_ADC_PollForConversion)
    HAL_ADC_Start                            0x080006f1   Thumb Code   184  stm32f1xx_hal_adc.o(i.HAL_ADC_Start)
    HAL_ADC_Stop                             0x080007b1   Thumb Code    52  stm32f1xx_hal_adc.o(i.HAL_ADC_Stop)
    HAL_Delay                                0x080007e5   Thumb Code    32  stm32f1xx_hal.o(i.HAL_Delay)
    HAL_GPIO_Init                            0x08000809   Thumb Code   408  stm32f1xx_hal_gpio.o(i.HAL_GPIO_Init)
    HAL_GPIO_WritePin                        0x080009c5   Thumb Code    10  stm32f1xx_hal_gpio.o(i.HAL_GPIO_WritePin)
    HAL_GetTick                              0x080009d1   Thumb Code     6  stm32f1xx_hal.o(i.HAL_GetTick)
    HAL_IncTick                              0x080009dd   Thumb Code    12  stm32f1xx_hal.o(i.HAL_IncTick)
    HAL_Init                                 0x080009ed   Thumb Code    32  stm32f1xx_hal.o(i.HAL_Init)
    HAL_InitTick                             0x08000a11   Thumb Code    54  stm32f1xx_hal.o(i.HAL_InitTick)
    HAL_MspInit                              0x08000a51   Thumb Code   118  stm32f1xx_hal_msp.o(i.HAL_MspInit)
    HAL_NVIC_EnableIRQ                       0x08000ad1   Thumb Code    22  stm32f1xx_hal_cortex.o(i.HAL_NVIC_EnableIRQ)
    HAL_NVIC_SetPriority                     0x08000ae9   Thumb Code    60  stm32f1xx_hal_cortex.o(i.HAL_NVIC_SetPriority)
    HAL_NVIC_SetPriorityGrouping             0x08000b29   Thumb Code    26  stm32f1xx_hal_cortex.o(i.HAL_NVIC_SetPriorityGrouping)
    HAL_PCDEx_PMAConfig                      0x08000b4d   Thumb Code    52  stm32f1xx_hal_pcd_ex.o(i.HAL_PCDEx_PMAConfig)
    HAL_PCDEx_SetConnectionState             0x08000b81   Thumb Code     2  usbd_conf.o(i.HAL_PCDEx_SetConnectionState)
    HAL_PCD_DataInStageCallback              0x08000b83   Thumb Code    14  usbd_conf.o(i.HAL_PCD_DataInStageCallback)
    HAL_PCD_DataOutStageCallback             0x08000b91   Thumb Code    16  usbd_conf.o(i.HAL_PCD_DataOutStageCallback)
    HAL_PCD_EP_Close                         0x08000ba1   Thumb Code    64  stm32f1xx_hal_pcd.o(i.HAL_PCD_EP_Close)
    HAL_PCD_EP_ClrStall                      0x08000be1   Thumb Code    72  stm32f1xx_hal_pcd.o(i.HAL_PCD_EP_ClrStall)
    HAL_PCD_EP_GetRxCount                    0x08000c29   Thumb Code    16  stm32f1xx_hal_pcd.o(i.HAL_PCD_EP_GetRxCount)
    HAL_PCD_EP_Open                          0x08000c39   Thumb Code    68  stm32f1xx_hal_pcd.o(i.HAL_PCD_EP_Open)
    HAL_PCD_EP_Receive                       0x08000c7d   Thumb Code    46  stm32f1xx_hal_pcd.o(i.HAL_PCD_EP_Receive)
    HAL_PCD_EP_SetStall                      0x08000cab   Thumb Code    86  stm32f1xx_hal_pcd.o(i.HAL_PCD_EP_SetStall)
    HAL_PCD_EP_Transmit                      0x08000d01   Thumb Code    42  stm32f1xx_hal_pcd.o(i.HAL_PCD_EP_Transmit)
    HAL_PCD_IRQHandler                       0x08000d2b   Thumb Code   268  stm32f1xx_hal_pcd.o(i.HAL_PCD_IRQHandler)
    HAL_PCD_Init                             0x08000e39   Thumb Code   192  stm32f1xx_hal_pcd.o(i.HAL_PCD_Init)
    HAL_PCD_MspInit                          0x08000ef9   Thumb Code    50  usbd_conf.o(i.HAL_PCD_MspInit)
    HAL_PCD_ResetCallback                    0x08000f35   Thumb Code    26  usbd_conf.o(i.HAL_PCD_ResetCallback)
    HAL_PCD_ResumeCallback                   0x08000f4f   Thumb Code     8  usbd_conf.o(i.HAL_PCD_ResumeCallback)
    HAL_PCD_SOFCallback                      0x08000f57   Thumb Code     8  usbd_conf.o(i.HAL_PCD_SOFCallback)
    HAL_PCD_SetAddress                       0x08000f5f   Thumb Code    40  stm32f1xx_hal_pcd.o(i.HAL_PCD_SetAddress)
    HAL_PCD_SetupStageCallback               0x08000f87   Thumb Code    14  usbd_conf.o(i.HAL_PCD_SetupStageCallback)
    HAL_PCD_Start                            0x08000f95   Thumb Code    50  stm32f1xx_hal_pcd.o(i.HAL_PCD_Start)
    HAL_PCD_SuspendCallback                  0x08000fc9   Thumb Code    30  usbd_conf.o(i.HAL_PCD_SuspendCallback)
    HAL_RCCEx_GetPeriphCLKFreq               0x08000fed   Thumb Code   166  stm32f1xx_hal_rcc_ex.o(i.HAL_RCCEx_GetPeriphCLKFreq)
    HAL_RCCEx_PeriphCLKConfig                0x080010b5   Thumb Code   224  stm32f1xx_hal_rcc_ex.o(i.HAL_RCCEx_PeriphCLKConfig)
    HAL_RCC_ClockConfig                      0x080011a1   Thumb Code   322  stm32f1xx_hal_rcc.o(i.HAL_RCC_ClockConfig)
    HAL_RCC_GetHCLKFreq                      0x080012f5   Thumb Code     6  stm32f1xx_hal_rcc.o(i.HAL_RCC_GetHCLKFreq)
    HAL_RCC_GetPCLK2Freq                     0x08001301   Thumb Code    20  stm32f1xx_hal_rcc.o(i.HAL_RCC_GetPCLK2Freq)
    HAL_RCC_GetSysClockFreq                  0x08001321   Thumb Code    74  stm32f1xx_hal_rcc.o(i.HAL_RCC_GetSysClockFreq)
    HAL_RCC_OscConfig                        0x0800138d   Thumb Code   750  stm32f1xx_hal_rcc.o(i.HAL_RCC_OscConfig)
    HAL_SPI_Init                             0x08001691   Thumb Code   130  stm32f1xx_hal_spi_ex.o(i.HAL_SPI_Init)
    HAL_SPI_MspInit                          0x08001715   Thumb Code    74  stm32f1xx_hal_msp.o(i.HAL_SPI_MspInit)
    HAL_SPI_Transmit                         0x0800176d   Thumb Code   360  stm32f1xx_hal_spi.o(i.HAL_SPI_Transmit)
    HAL_SYSTICK_CLKSourceConfig              0x080018d5   Thumb Code    24  stm32f1xx_hal_cortex.o(i.HAL_SYSTICK_CLKSourceConfig)
    HAL_SYSTICK_Callback                     0x080018ed   Thumb Code     2  stm32f1xx_hal_cortex.o(i.HAL_SYSTICK_Callback)
    HAL_SYSTICK_Config                       0x080018ef   Thumb Code    40  stm32f1xx_hal_cortex.o(i.HAL_SYSTICK_Config)
    HAL_SYSTICK_IRQHandler                   0x08001917   Thumb Code     8  stm32f1xx_hal_cortex.o(i.HAL_SYSTICK_IRQHandler)
    HAL_TIMEx_BreakCallback                  0x0800191f   Thumb Code     2  stm32f1xx_hal_tim_ex.o(i.HAL_TIMEx_BreakCallback)
    HAL_TIMEx_CommutationCallback            0x08001921   Thumb Code     2  stm32f1xx_hal_tim_ex.o(i.HAL_TIMEx_CommutationCallback)
    HAL_TIMEx_MasterConfigSynchronization    0x08001923   Thumb Code    80  stm32f1xx_hal_tim_ex.o(i.HAL_TIMEx_MasterConfigSynchronization)
    HAL_TIM_Base_Init                        0x08001973   Thumb Code    54  stm32f1xx_hal_tim.o(i.HAL_TIM_Base_Init)
    HAL_TIM_Base_MspInit                     0x080019a9   Thumb Code    50  stm32f1xx_hal_msp.o(i.HAL_TIM_Base_MspInit)
    HAL_TIM_Base_Start                       0x080019e1   Thumb Code    26  stm32f1xx_hal_tim.o(i.HAL_TIM_Base_Start)
    HAL_TIM_Base_Start_IT                    0x080019fb   Thumb Code    24  stm32f1xx_hal_tim.o(i.HAL_TIM_Base_Start_IT)
    HAL_TIM_ConfigClockSource                0x08001a13   Thumb Code   242  stm32f1xx_hal_tim.o(i.HAL_TIM_ConfigClockSource)
    HAL_TIM_IC_CaptureCallback               0x08001b05   Thumb Code     2  stm32f1xx_hal_tim.o(i.HAL_TIM_IC_CaptureCallback)
    HAL_TIM_IRQHandler                       0x08001b07   Thumb Code   358  stm32f1xx_hal_tim.o(i.HAL_TIM_IRQHandler)
    HAL_TIM_OC_DelayElapsedCallback          0x08001c6d   Thumb Code     2  stm32f1xx_hal_tim.o(i.HAL_TIM_OC_DelayElapsedCallback)
    HAL_TIM_PWM_PulseFinishedCallback        0x08001c6f   Thumb Code     2  stm32f1xx_hal_tim.o(i.HAL_TIM_PWM_PulseFinishedCallback)
    HAL_TIM_PeriodElapsedCallback            0x08001c71   Thumb Code     2  stm32f1xx_hal_tim.o(i.HAL_TIM_PeriodElapsedCallback)
    HAL_TIM_TriggerCallback                  0x08001c73   Thumb Code     2  stm32f1xx_hal_tim.o(i.HAL_TIM_TriggerCallback)
    HardFault_Handler                        0x08001c75   Thumb Code     2  stm32f1xx_it.o(i.HardFault_Handler)
    MX_USB_DEVICE_Init                       0x08001db5   Thumb Code    38  usb_device.o(i.MX_USB_DEVICE_Init)
    MemManage_Handler                        0x08001ded   Thumb Code     2  stm32f1xx_it.o(i.MemManage_Handler)
    NMI_Handler                              0x08001def   Thumb Code     2  stm32f1xx_it.o(i.NMI_Handler)
    PendSV_Handler                           0x08002173   Thumb Code     2  stm32f1xx_it.o(i.PendSV_Handler)
    SVC_Handler                              0x0800222b   Thumb Code     2  stm32f1xx_it.o(i.SVC_Handler)
    SysTick_Handler                          0x0800222d   Thumb Code    14  stm32f1xx_it.o(i.SysTick_Handler)
    SystemClock_Config                       0x0800223b   Thumb Code   126  main.o(i.SystemClock_Config)
    SystemInit                               0x080022b9   Thumb Code    56  system_stm32f1xx.o(i.SystemInit)
    TIM2_IRQHandler                          0x08002301   Thumb Code    38  stm32f1xx_it.o(i.TIM2_IRQHandler)
    TIM_Base_SetConfig                       0x0800233d   Thumb Code    94  stm32f1xx_hal_tim.o(i.TIM_Base_SetConfig)
    USBD_CDC_GetDeviceQualifierDescriptor    0x080024b5   Thumb Code     8  usbd_cdc.o(i.USBD_CDC_GetDeviceQualifierDescriptor)
    USBD_CDC_ReceivePacket                   0x0800256d   Thumb Code    40  usbd_cdc.o(i.USBD_CDC_ReceivePacket)
    USBD_CDC_RegisterInterface               0x08002595   Thumb Code    16  usbd_cdc.o(i.USBD_CDC_RegisterInterface)
    USBD_CDC_SetRxBuffer                     0x080025a5   Thumb Code    12  usbd_cdc.o(i.USBD_CDC_SetRxBuffer)
    USBD_CDC_SetTxBuffer                     0x080025b1   Thumb Code    16  usbd_cdc.o(i.USBD_CDC_SetTxBuffer)
    USBD_CDC_TransmitPacket                  0x08002631   Thumb Code    48  usbd_cdc.o(i.USBD_CDC_TransmitPacket)
    USBD_ClrClassConfig                      0x08002661   Thumb Code    14  usbd_core.o(i.USBD_ClrClassConfig)
    USBD_CtlContinueRx                       0x0800266f   Thumb Code    16  usbd_ioreq.o(i.USBD_CtlContinueRx)
    USBD_CtlContinueSendData                 0x0800267f   Thumb Code    16  usbd_ioreq.o(i.USBD_CtlContinueSendData)
    USBD_CtlError                            0x0800268f   Thumb Code    22  usbd_ctlreq.o(i.USBD_CtlError)
    USBD_CtlPrepareRx                        0x080026a5   Thumb Code    30  usbd_ioreq.o(i.USBD_CtlPrepareRx)
    USBD_CtlReceiveStatus                    0x080026c3   Thumb Code    22  usbd_ioreq.o(i.USBD_CtlReceiveStatus)
    USBD_CtlSendData                         0x080026d9   Thumb Code    26  usbd_ioreq.o(i.USBD_CtlSendData)
    USBD_CtlSendStatus                       0x080026f3   Thumb Code    22  usbd_ioreq.o(i.USBD_CtlSendStatus)
    USBD_FS_ConfigStrDescriptor              0x08002709   Thumb Code    16  usbd_desc.o(i.USBD_FS_ConfigStrDescriptor)
    USBD_FS_DeviceDescriptor                 0x08002729   Thumb Code     8  usbd_desc.o(i.USBD_FS_DeviceDescriptor)
    USBD_FS_InterfaceStrDescriptor           0x08002735   Thumb Code    16  usbd_desc.o(i.USBD_FS_InterfaceStrDescriptor)
    USBD_FS_LangIDStrDescriptor              0x08002759   Thumb Code     8  usbd_desc.o(i.USBD_FS_LangIDStrDescriptor)
    USBD_FS_ManufacturerStrDescriptor        0x08002765   Thumb Code    16  usbd_desc.o(i.USBD_FS_ManufacturerStrDescriptor)
    USBD_FS_ProductStrDescriptor             0x08002781   Thumb Code    16  usbd_desc.o(i.USBD_FS_ProductStrDescriptor)
    USBD_FS_SerialStrDescriptor              0x0800279d   Thumb Code    16  usbd_desc.o(i.USBD_FS_SerialStrDescriptor)
    USBD_GetString                           0x080028a1   Thumb Code    70  usbd_ctlreq.o(i.USBD_GetString)
    USBD_Init                                0x080028e7   Thumb Code    42  usbd_core.o(i.USBD_Init)
    USBD_LL_ClearStallEP                     0x08002911   Thumb Code    32  usbd_conf.o(i.USBD_LL_ClearStallEP)
    USBD_LL_CloseEP                          0x08002931   Thumb Code    32  usbd_conf.o(i.USBD_LL_CloseEP)
    USBD_LL_DataInStage                      0x08002951   Thumb Code   170  usbd_core.o(i.USBD_LL_DataInStage)
    USBD_LL_DataOutStage                     0x080029fb   Thumb Code   106  usbd_core.o(i.USBD_LL_DataOutStage)
    USBD_LL_GetRxDataSize                    0x08002a65   Thumb Code     8  usbd_conf.o(i.USBD_LL_GetRxDataSize)
    USBD_LL_Init                             0x08002a6d   Thumb Code   130  usbd_conf.o(i.USBD_LL_Init)
    USBD_LL_IsStallEP                        0x08002b0d   Thumb Code    28  usbd_conf.o(i.USBD_LL_IsStallEP)
    USBD_LL_OpenEP                           0x08002b29   Thumb Code    38  usbd_conf.o(i.USBD_LL_OpenEP)
    USBD_LL_PrepareReceive                   0x08002b4f   Thumb Code    32  usbd_conf.o(i.USBD_LL_PrepareReceive)
    USBD_LL_Reset                            0x08002b6f   Thumb Code    62  usbd_core.o(i.USBD_LL_Reset)
    USBD_LL_Resume                           0x08002bad   Thumb Code    12  usbd_core.o(i.USBD_LL_Resume)
    USBD_LL_SOF                              0x08002bb9   Thumb Code    24  usbd_core.o(i.USBD_LL_SOF)
    USBD_LL_SetSpeed                         0x08002bd1   Thumb Code     6  usbd_core.o(i.USBD_LL_SetSpeed)
    USBD_LL_SetUSBAddress                    0x08002bd7   Thumb Code    32  usbd_conf.o(i.USBD_LL_SetUSBAddress)
    USBD_LL_SetupStage                       0x08002bf7   Thumb Code    90  usbd_core.o(i.USBD_LL_SetupStage)
    USBD_LL_StallEP                          0x08002c51   Thumb Code    32  usbd_conf.o(i.USBD_LL_StallEP)
    USBD_LL_Start                            0x08002c71   Thumb Code    32  usbd_conf.o(i.USBD_LL_Start)
    USBD_LL_Suspend                          0x08002c91   Thumb Code    18  usbd_core.o(i.USBD_LL_Suspend)
    USBD_LL_Transmit                         0x08002ca3   Thumb Code    32  usbd_conf.o(i.USBD_LL_Transmit)
    USBD_ParseSetupRequest                   0x08002cc3   Thumb Code    40  usbd_ctlreq.o(i.USBD_ParseSetupRequest)
    USBD_RegisterClass                       0x08002ceb   Thumb Code    16  usbd_core.o(i.USBD_RegisterClass)
    USBD_SetClassConfig                      0x08002cfb   Thumb Code    22  usbd_core.o(i.USBD_SetClassConfig)
    USBD_Start                               0x08002d85   Thumb Code    10  usbd_core.o(i.USBD_Start)
    USBD_StdDevReq                           0x08002d8f   Thumb Code   242  usbd_ctlreq.o(i.USBD_StdDevReq)
    USBD_StdEPReq                            0x08002e81   Thumb Code   220  usbd_ctlreq.o(i.USBD_StdEPReq)
    USBD_StdItfReq                           0x08002f5d   Thumb Code    52  usbd_ctlreq.o(i.USBD_StdItfReq)
    USBD_static_free                         0x08002f91   Thumb Code     2  usbd_conf.o(i.USBD_static_free)
    USBD_static_malloc                       0x08002f95   Thumb Code     4  usbd_conf.o(i.USBD_static_malloc)
    USB_ActivateEndpoint                     0x08002f9d   Thumb Code   604  stm32f1xx_ll_usb.o(i.USB_ActivateEndpoint)
    USB_CoreInit                             0x080031f9   Thumb Code     4  stm32f1xx_ll_usb.o(i.USB_CoreInit)
    USB_DeactivateEndpoint                   0x080031fd   Thumb Code   292  stm32f1xx_ll_usb.o(i.USB_DeactivateEndpoint)
    USB_DevConnect                           0x08003321   Thumb Code     4  stm32f1xx_ll_usb.o(i.USB_DevConnect)
    USB_DevDisconnect                        0x08003325   Thumb Code     4  stm32f1xx_ll_usb.o(i.USB_DevDisconnect)
    USB_DevInit                              0x08003329   Thumb Code    30  stm32f1xx_ll_usb.o(i.USB_DevInit)
    USB_DisableGlobalInt                     0x08003347   Thumb Code    14  stm32f1xx_ll_usb.o(i.USB_DisableGlobalInt)
    USB_EP0_OutStart                         0x08003355   Thumb Code     4  stm32f1xx_ll_usb.o(i.USB_EP0_OutStart)
    USB_EPClearStall                         0x08003359   Thumb Code   106  stm32f1xx_ll_usb.o(i.USB_EPClearStall)
    USB_EPSetStall                           0x080033c3   Thumb Code    74  stm32f1xx_ll_usb.o(i.USB_EPSetStall)
    USB_EPStartXfer                          0x0800340d   Thumb Code   426  stm32f1xx_ll_usb.o(i.USB_EPStartXfer)
    USB_EnableGlobalInt                      0x080035b7   Thumb Code    14  stm32f1xx_ll_usb.o(i.USB_EnableGlobalInt)
    USB_LP_CAN1_RX0_IRQHandler               0x080035c5   Thumb Code     6  stm32f1xx_it.o(i.USB_LP_CAN1_RX0_IRQHandler)
    USB_ReadInterrupts                       0x080035d1   Thumb Code     6  stm32f1xx_ll_usb.o(i.USB_ReadInterrupts)
    USB_ReadPMA                              0x080035d9   Thumb Code    30  stm32f1xx_ll_usb.o(i.USB_ReadPMA)
    USB_SetCurrentMode                       0x080035f7   Thumb Code     4  stm32f1xx_ll_usb.o(i.USB_SetCurrentMode)
    USB_SetDevAddress                        0x080035fb   Thumb Code    12  stm32f1xx_ll_usb.o(i.USB_SetDevAddress)
    USB_WritePMA                             0x08003607   Thumb Code    38  stm32f1xx_ll_usb.o(i.USB_WritePMA)
    UsageFault_Handler                       0x0800362d   Thumb Code     2  stm32f1xx_it.o(i.UsageFault_Handler)
    _Error_Handler                           0x0800362f   Thumb Code     2  main.o(i._Error_Handler)
    __0sprintf$1                             0x08003631   Thumb Code    34  printf1.o(i.__0sprintf$1)
    __1sprintf$1                             0x08003631   Thumb Code     0  printf1.o(i.__0sprintf$1)
    __2sprintf                               0x08003631   Thumb Code     0  printf1.o(i.__0sprintf$1)
    __scatterload_copy                       0x08003659   Thumb Code    14  handlers.o(i.__scatterload_copy)
    __scatterload_null                       0x08003667   Thumb Code     2  handlers.o(i.__scatterload_null)
    __scatterload_zeroinit                   0x08003669   Thumb Code    14  handlers.o(i.__scatterload_zeroinit)
    main                                     0x080037d9   Thumb Code   104  main.o(i.main)
    send_gain                                0x08003849   Thumb Code   132  main.o(i.send_gain)
    AHBPrescTable                            0x080038d4   Data          16  system_stm32f1xx.o(.constdata)
    APBPrescTable                            0x080038e4   Data           8  system_stm32f1xx.o(.constdata)
    Region$$Table$$Base                      0x080038ec   Number         0  anon$$obj.o(Region$$Table)
    Region$$Table$$Limit                     0x0800390c   Number         0  anon$$obj.o(Region$$Table)
    uwTickFreq                               0x20000000   Data           1  stm32f1xx_hal.o(.data)
    uwTickPrio                               0x20000004   Data           4  stm32f1xx_hal.o(.data)
    uwTick                                   0x20000008   Data           4  stm32f1xx_hal.o(.data)
    SystemCoreClock                          0x2000000c   Data           4  system_stm32f1xx.o(.data)
    USBD_Interface_fops_FS                   0x20000010   Data          16  usbd_cdc_if.o(.data)
    str_rx                                   0x20000020   Data           1  usbd_cdc_if.o(.data)
    gain                                     0x20000022   Data           2  main.o(.data)
    gain_old                                 0x20000024   Data           2  main.o(.data)
    i                                        0x20000026   Data           2  main.o(.data)
    FS_Desc                                  0x20000028   Data          28  usbd_desc.o(.data)
    USBD_LangIDDesc                          0x20000044   Data           4  usbd_desc.o(.data)
    USBD_FS_DeviceDesc                       0x20000048   Data          18  usbd_desc.o(.data)
    USBD_CDC_CfgHSDesc                       0x2000006c   Data          67  usbd_cdc.o(.data)
    USBD_CDC_CfgFSDesc                       0x200000b0   Data          67  usbd_cdc.o(.data)
    USBD_CDC_OtherSpeedCfgDesc               0x200000f4   Data          67  usbd_cdc.o(.data)
    USBD_CDC                                 0x20000138   Data          56  usbd_cdc.o(.data)
    UserRxBufferFS                           0x20000170   Data        1000  usbd_cdc_if.o(.bss)
    UserTxBufferFS                           0x20000558   Data        1000  usbd_cdc_if.o(.bss)
    hpcd_USB_FS                              0x20000b60   Data        1120  usbd_conf.o(.bss)
    hadc1                                    0x20000fc0   Data          48  main.o(.bss)
    hspi1                                    0x20000ff0   Data          88  main.o(.bss)
    htim2                                    0x20001048   Data          64  main.o(.bss)
    str_tx                                   0x20001088   Data           9  main.o(.bss)
    USBD_StrDesc                             0x20001094   Data         512  usbd_desc.o(.bss)
    hUsbDeviceFS                             0x20001294   Data         548  usb_device.o(.bss)
    __initial_sp                             0x200018b8   Data           0  startup_stm32f103xb.o(STACK)



==============================================================================

Memory Map of the image

  Image Entry point : 0x080000ed

  Load Region LR_IROM1 (Base: 0x08000000, Size: 0x00003a7c, Max: 0x00010000, ABSOLUTE, COMPRESSED[0x000039cc])

    Execution Region ER_IROM1 (Exec base: 0x08000000, Load base: 0x08000000, Size: 0x0000390c, Max: 0x00010000, ABSOLUTE)

    Exec Addr    Load Addr    Size         Type   Attr      Idx    E Section Name        Object

    0x08000000   0x08000000   0x000000ec   Data   RO            3    RESET               startup_stm32f103xb.o
    0x080000ec   0x080000ec   0x00000000   Code   RO         3972  * .ARM.Collect$$$$00000000  mc_w.l(entry.o)
    0x080000ec   0x080000ec   0x00000004   Code   RO         4246    .ARM.Collect$$$$00000001  mc_w.l(entry2.o)
    0x080000f0   0x080000f0   0x00000004   Code   RO         4249    .ARM.Collect$$$$00000004  mc_w.l(entry5.o)
    0x080000f4   0x080000f4   0x00000000   Code   RO         4251    .ARM.Collect$$$$00000008  mc_w.l(entry7b.o)
    0x080000f4   0x080000f4   0x00000000   Code   RO         4253    .ARM.Collect$$$$0000000A  mc_w.l(entry8b.o)
    0x080000f4   0x080000f4   0x00000008   Code   RO         4254    .ARM.Collect$$$$0000000B  mc_w.l(entry9a.o)
    0x080000fc   0x080000fc   0x00000000   Code   RO         4256    .ARM.Collect$$$$0000000D  mc_w.l(entry10a.o)
    0x080000fc   0x080000fc   0x00000000   Code   RO         4258    .ARM.Collect$$$$0000000F  mc_w.l(entry11a.o)
    0x080000fc   0x080000fc   0x00000004   Code   RO         4247    .ARM.Collect$$$$00002712  mc_w.l(entry2.o)
    0x08000100   0x08000100   0x00000024   Code   RO            4    .text               startup_stm32f103xb.o
    0x08000124   0x08000124   0x00000024   Code   RO         3977    .text               mc_w.l(memcpya.o)
    0x08000148   0x08000148   0x00000018   Code   RO         3979    .text               mc_w.l(strncpy.o)
    0x08000160   0x08000160   0x0000000e   Code   RO         3981    .text               mc_w.l(strlen.o)
    0x0800016e   0x0800016e   0x0000002c   Code   RO         4263    .text               mc_w.l(uidiv.o)
    0x0800019a   0x0800019a   0x00000002   PAD
    0x0800019c   0x0800019c   0x00000024   Code   RO         4278    .text               mc_w.l(init.o)
    0x080001c0   0x080001c0   0x00000056   Code   RO         4296    .text               mc_w.l(__dczerorl2.o)
    0x08000216   0x08000216   0x00000002   PAD
    0x08000218   0x08000218   0x0000004c   Code   RO         1077    i.ADC_ConversionStop_Disable  stm32f1xx_hal_adc.o
    0x08000264   0x08000264   0x00000070   Code   RO         1081    i.ADC_Enable        stm32f1xx_hal_adc.o
    0x080002d4   0x080002d4   0x00000002   Code   RO         3074    i.BusFault_Handler  stm32f1xx_it.o
    0x080002d6   0x080002d6   0x00000004   Code   RO         2996    i.CDC_Control_FS    usbd_cdc_if.o
    0x080002da   0x080002da   0x00000004   Code   RO         2997    i.CDC_DeInit_FS     usbd_cdc_if.o
    0x080002de   0x080002de   0x00000002   PAD
    0x080002e0   0x080002e0   0x00000024   Code   RO         2998    i.CDC_Init_FS       usbd_cdc_if.o
    0x08000304   0x08000304   0x0000002c   Code   RO         2999    i.CDC_Receive_FS    usbd_cdc_if.o
    0x08000330   0x08000330   0x0000002c   Code   RO         3000    i.CDC_Transmit_FS   usbd_cdc_if.o
    0x0800035c   0x0800035c   0x00000002   Code   RO         3075    i.DebugMon_Handler  stm32f1xx_it.o
    0x0800035e   0x0800035e   0x00000002   PAD
    0x08000360   0x08000360   0x000000fc   Code   RO         1083    i.HAL_ADC_ConfigChannel  stm32f1xx_hal_adc.o
    0x0800045c   0x0800045c   0x00000006   Code   RO         1090    i.HAL_ADC_GetValue  stm32f1xx_hal_adc.o
    0x08000462   0x08000462   0x00000002   PAD
    0x08000464   0x08000464   0x0000011c   Code   RO         1092    i.HAL_ADC_Init      stm32f1xx_hal_adc.o
    0x08000580   0x08000580   0x00000040   Code   RO         3441    i.HAL_ADC_MspInit   stm32f1xx_hal_msp.o
    0x080005c0   0x080005c0   0x00000130   Code   RO         1096    i.HAL_ADC_PollForConversion  stm32f1xx_hal_adc.o
    0x080006f0   0x080006f0   0x000000c0   Code   RO         1098    i.HAL_ADC_Start     stm32f1xx_hal_adc.o
    0x080007b0   0x080007b0   0x00000034   Code   RO         1101    i.HAL_ADC_Stop      stm32f1xx_hal_adc.o
    0x080007e4   0x080007e4   0x00000024   Code   RO         1638    i.HAL_Delay         stm32f1xx_hal.o
    0x08000808   0x08000808   0x000001bc   Code   RO         1568    i.HAL_GPIO_Init     stm32f1xx_hal_gpio.o
    0x080009c4   0x080009c4   0x0000000a   Code   RO         1572    i.HAL_GPIO_WritePin  stm32f1xx_hal_gpio.o
    0x080009ce   0x080009ce   0x00000002   PAD
    0x080009d0   0x080009d0   0x0000000c   Code   RO         1642    i.HAL_GetTick       stm32f1xx_hal.o
    0x080009dc   0x080009dc   0x00000010   Code   RO         1646    i.HAL_IncTick       stm32f1xx_hal.o
    0x080009ec   0x080009ec   0x00000024   Code   RO         1647    i.HAL_Init          stm32f1xx_hal.o
    0x08000a10   0x08000a10   0x00000040   Code   RO         1648    i.HAL_InitTick      stm32f1xx_hal.o
    0x08000a50   0x08000a50   0x00000080   Code   RO         3442    i.HAL_MspInit       stm32f1xx_hal_msp.o
    0x08000ad0   0x08000ad0   0x00000016   Code   RO         1450    i.HAL_NVIC_EnableIRQ  stm32f1xx_hal_cortex.o
    0x08000ae6   0x08000ae6   0x00000002   PAD
    0x08000ae8   0x08000ae8   0x00000040   Code   RO         1456    i.HAL_NVIC_SetPriority  stm32f1xx_hal_cortex.o
    0x08000b28   0x08000b28   0x00000024   Code   RO         1457    i.HAL_NVIC_SetPriorityGrouping  stm32f1xx_hal_cortex.o
    0x08000b4c   0x08000b4c   0x00000034   Code   RO         2581    i.HAL_PCDEx_PMAConfig  stm32f1xx_hal_pcd_ex.o
    0x08000b80   0x08000b80   0x00000002   Code   RO         3162    i.HAL_PCDEx_SetConnectionState  usbd_conf.o
    0x08000b82   0x08000b82   0x0000000e   Code   RO         3164    i.HAL_PCD_DataInStageCallback  usbd_conf.o
    0x08000b90   0x08000b90   0x00000010   Code   RO         3165    i.HAL_PCD_DataOutStageCallback  usbd_conf.o
    0x08000ba0   0x08000ba0   0x00000040   Code   RO          155    i.HAL_PCD_EP_Close  stm32f1xx_hal_pcd.o
    0x08000be0   0x08000be0   0x00000048   Code   RO          156    i.HAL_PCD_EP_ClrStall  stm32f1xx_hal_pcd.o
    0x08000c28   0x08000c28   0x00000010   Code   RO          158    i.HAL_PCD_EP_GetRxCount  stm32f1xx_hal_pcd.o
    0x08000c38   0x08000c38   0x00000044   Code   RO          159    i.HAL_PCD_EP_Open   stm32f1xx_hal_pcd.o
    0x08000c7c   0x08000c7c   0x0000002e   Code   RO          160    i.HAL_PCD_EP_Receive  stm32f1xx_hal_pcd.o
    0x08000caa   0x08000caa   0x00000056   Code   RO          161    i.HAL_PCD_EP_SetStall  stm32f1xx_hal_pcd.o
    0x08000d00   0x08000d00   0x0000002a   Code   RO          162    i.HAL_PCD_EP_Transmit  stm32f1xx_hal_pcd.o
    0x08000d2a   0x08000d2a   0x0000010c   Code   RO          164    i.HAL_PCD_IRQHandler  stm32f1xx_hal_pcd.o
    0x08000e36   0x08000e36   0x00000002   PAD
    0x08000e38   0x08000e38   0x000000c0   Code   RO          167    i.HAL_PCD_Init      stm32f1xx_hal_pcd.o
    0x08000ef8   0x08000ef8   0x0000003c   Code   RO         3170    i.HAL_PCD_MspInit   usbd_conf.o
    0x08000f34   0x08000f34   0x0000001a   Code   RO         3171    i.HAL_PCD_ResetCallback  usbd_conf.o
    0x08000f4e   0x08000f4e   0x00000008   Code   RO         3172    i.HAL_PCD_ResumeCallback  usbd_conf.o
    0x08000f56   0x08000f56   0x00000008   Code   RO         3173    i.HAL_PCD_SOFCallback  usbd_conf.o
    0x08000f5e   0x08000f5e   0x00000028   Code   RO          173    i.HAL_PCD_SetAddress  stm32f1xx_hal_pcd.o
    0x08000f86   0x08000f86   0x0000000e   Code   RO         3174    i.HAL_PCD_SetupStageCallback  usbd_conf.o
    0x08000f94   0x08000f94   0x00000032   Code   RO          175    i.HAL_PCD_Start     stm32f1xx_hal_pcd.o
    0x08000fc6   0x08000fc6   0x00000002   PAD
    0x08000fc8   0x08000fc8   0x00000024   Code   RO         3175    i.HAL_PCD_SuspendCallback  usbd_conf.o
    0x08000fec   0x08000fec   0x000000c8   Code   RO           14    i.HAL_RCCEx_GetPeriphCLKFreq  stm32f1xx_hal_rcc_ex.o
    0x080010b4   0x080010b4   0x000000ec   Code   RO           15    i.HAL_RCCEx_PeriphCLKConfig  stm32f1xx_hal_rcc_ex.o
    0x080011a0   0x080011a0   0x00000154   Code   RO         2319    i.HAL_RCC_ClockConfig  stm32f1xx_hal_rcc.o
    0x080012f4   0x080012f4   0x0000000c   Code   RO         2324    i.HAL_RCC_GetHCLKFreq  stm32f1xx_hal_rcc.o
    0x08001300   0x08001300   0x00000020   Code   RO         2327    i.HAL_RCC_GetPCLK2Freq  stm32f1xx_hal_rcc.o
    0x08001320   0x08001320   0x0000006c   Code   RO         2328    i.HAL_RCC_GetSysClockFreq  stm32f1xx_hal_rcc.o
    0x0800138c   0x0800138c   0x00000304   Code   RO         2331    i.HAL_RCC_OscConfig  stm32f1xx_hal_rcc.o
    0x08001690   0x08001690   0x00000082   Code   RO         2934    i.HAL_SPI_Init      stm32f1xx_hal_spi_ex.o
    0x08001712   0x08001712   0x00000002   PAD
    0x08001714   0x08001714   0x00000058   Code   RO         3444    i.HAL_SPI_MspInit   stm32f1xx_hal_msp.o
    0x0800176c   0x0800176c   0x00000168   Code   RO         2630    i.HAL_SPI_Transmit  stm32f1xx_hal_spi.o
    0x080018d4   0x080018d4   0x00000018   Code   RO         1459    i.HAL_SYSTICK_CLKSourceConfig  stm32f1xx_hal_cortex.o
    0x080018ec   0x080018ec   0x00000002   Code   RO         1460    i.HAL_SYSTICK_Callback  stm32f1xx_hal_cortex.o
    0x080018ee   0x080018ee   0x00000028   Code   RO         1461    i.HAL_SYSTICK_Config  stm32f1xx_hal_cortex.o
    0x08001916   0x08001916   0x00000008   Code   RO         1462    i.HAL_SYSTICK_IRQHandler  stm32f1xx_hal_cortex.o
    0x0800191e   0x0800191e   0x00000002   Code   RO         1982    i.HAL_TIMEx_BreakCallback  stm32f1xx_hal_tim_ex.o
    0x08001920   0x08001920   0x00000002   Code   RO         1983    i.HAL_TIMEx_CommutationCallback  stm32f1xx_hal_tim_ex.o
    0x08001922   0x08001922   0x00000050   Code   RO         1999    i.HAL_TIMEx_MasterConfigSynchronization  stm32f1xx_hal_tim_ex.o
    0x08001972   0x08001972   0x00000036   Code   RO          363    i.HAL_TIM_Base_Init  stm32f1xx_hal_tim.o
    0x080019a8   0x080019a8   0x00000038   Code   RO         3446    i.HAL_TIM_Base_MspInit  stm32f1xx_hal_msp.o
    0x080019e0   0x080019e0   0x0000001a   Code   RO          366    i.HAL_TIM_Base_Start  stm32f1xx_hal_tim.o
    0x080019fa   0x080019fa   0x00000018   Code   RO          368    i.HAL_TIM_Base_Start_IT  stm32f1xx_hal_tim.o
    0x08001a12   0x08001a12   0x000000f2   Code   RO          372    i.HAL_TIM_ConfigClockSource  stm32f1xx_hal_tim.o
    0x08001b04   0x08001b04   0x00000002   Code   RO          392    i.HAL_TIM_IC_CaptureCallback  stm32f1xx_hal_tim.o
    0x08001b06   0x08001b06   0x00000166   Code   RO          405    i.HAL_TIM_IRQHandler  stm32f1xx_hal_tim.o
    0x08001c6c   0x08001c6c   0x00000002   Code   RO          408    i.HAL_TIM_OC_DelayElapsedCallback  stm32f1xx_hal_tim.o
    0x08001c6e   0x08001c6e   0x00000002   Code   RO          435    i.HAL_TIM_PWM_PulseFinishedCallback  stm32f1xx_hal_tim.o
    0x08001c70   0x08001c70   0x00000002   Code   RO          442    i.HAL_TIM_PeriodElapsedCallback  stm32f1xx_hal_tim.o
    0x08001c72   0x08001c72   0x00000002   Code   RO          446    i.HAL_TIM_TriggerCallback  stm32f1xx_hal_tim.o
    0x08001c74   0x08001c74   0x00000002   Code   RO         3076    i.HardFault_Handler  stm32f1xx_it.o
    0x08001c76   0x08001c76   0x00000002   PAD
    0x08001c78   0x08001c78   0x00000044   Code   RO         3369    i.MX_ADC1_Init      main.o
    0x08001cbc   0x08001cbc   0x00000064   Code   RO         3370    i.MX_GPIO_Init      main.o
    0x08001d20   0x08001d20   0x00000040   Code   RO         3371    i.MX_SPI1_Init      main.o
    0x08001d60   0x08001d60   0x00000054   Code   RO         3372    i.MX_TIM2_Init      main.o
    0x08001db4   0x08001db4   0x00000038   Code   RO         3568    i.MX_USB_DEVICE_Init  usb_device.o
    0x08001dec   0x08001dec   0x00000002   Code   RO         3077    i.MemManage_Handler  stm32f1xx_it.o
    0x08001dee   0x08001dee   0x00000002   Code   RO         3078    i.NMI_Handler       stm32f1xx_it.o
    0x08001df0   0x08001df0   0x00000020   Code   RO         1463    i.NVIC_SetPriority  stm32f1xx_hal_cortex.o
    0x08001e10   0x08001e10   0x00000362   Code   RO          178    i.PCD_EP_ISR_Handler  stm32f1xx_hal_pcd.o
    0x08002172   0x08002172   0x00000002   Code   RO         3079    i.PendSV_Handler    stm32f1xx_it.o
    0x08002174   0x08002174   0x00000020   Code   RO         2646    i.SPI_CheckFlag_BSY  stm32f1xx_hal_spi.o
    0x08002194   0x08002194   0x00000096   Code   RO         2665    i.SPI_WaitFlagStateUntilTimeout  stm32f1xx_hal_spi.o
    0x0800222a   0x0800222a   0x00000002   Code   RO         3080    i.SVC_Handler       stm32f1xx_it.o
    0x0800222c   0x0800222c   0x0000000e   Code   RO         3081    i.SysTick_Handler   stm32f1xx_it.o
    0x0800223a   0x0800223a   0x0000007e   Code   RO         3373    i.SystemClock_Config  main.o
    0x080022b8   0x080022b8   0x00000048   Code   RO         2959    i.SystemInit        system_stm32f1xx.o
    0x08002300   0x08002300   0x0000003c   Code   RO         3082    i.TIM2_IRQHandler   stm32f1xx_it.o
    0x0800233c   0x0800233c   0x0000006c   Code   RO          447    i.TIM_Base_SetConfig  stm32f1xx_hal_tim.o
    0x080023a8   0x080023a8   0x00000014   Code   RO          454    i.TIM_ETR_SetConfig  stm32f1xx_hal_tim.o
    0x080023bc   0x080023bc   0x00000010   Code   RO          455    i.TIM_ITRx_SetConfig  stm32f1xx_hal_tim.o
    0x080023cc   0x080023cc   0x00000022   Code   RO          461    i.TIM_TI1_ConfigInputStage  stm32f1xx_hal_tim.o
    0x080023ee   0x080023ee   0x00000024   Code   RO          463    i.TIM_TI2_ConfigInputStage  stm32f1xx_hal_tim.o
    0x08002412   0x08002412   0x00000014   Code   RO         3731    i.USBD_CDC_DataIn   usbd_cdc.o
    0x08002426   0x08002426   0x0000002e   Code   RO         3732    i.USBD_CDC_DataOut  usbd_cdc.o
    0x08002454   0x08002454   0x0000003c   Code   RO         3733    i.USBD_CDC_DeInit   usbd_cdc.o
    0x08002490   0x08002490   0x00000024   Code   RO         3734    i.USBD_CDC_EP0_RxReady  usbd_cdc.o
    0x080024b4   0x080024b4   0x0000000c   Code   RO         3735    i.USBD_CDC_GetDeviceQualifierDescriptor  usbd_cdc.o
    0x080024c0   0x080024c0   0x0000000c   Code   RO         3736    i.USBD_CDC_GetFSCfgDesc  usbd_cdc.o
    0x080024cc   0x080024cc   0x0000000c   Code   RO         3737    i.USBD_CDC_GetHSCfgDesc  usbd_cdc.o
    0x080024d8   0x080024d8   0x0000000c   Code   RO         3738    i.USBD_CDC_GetOtherSpeedCfgDesc  usbd_cdc.o
    0x080024e4   0x080024e4   0x00000088   Code   RO         3739    i.USBD_CDC_Init     usbd_cdc.o
    0x0800256c   0x0800256c   0x00000028   Code   RO         3740    i.USBD_CDC_ReceivePacket  usbd_cdc.o
    0x08002594   0x08002594   0x00000010   Code   RO         3741    i.USBD_CDC_RegisterInterface  usbd_cdc.o
    0x080025a4   0x080025a4   0x0000000c   Code   RO         3742    i.USBD_CDC_SetRxBuffer  usbd_cdc.o
    0x080025b0   0x080025b0   0x00000010   Code   RO         3743    i.USBD_CDC_SetTxBuffer  usbd_cdc.o
    0x080025c0   0x080025c0   0x00000070   Code   RO         3744    i.USBD_CDC_Setup    usbd_cdc.o
    0x08002630   0x08002630   0x00000030   Code   RO         3745    i.USBD_CDC_TransmitPacket  usbd_cdc.o
    0x08002660   0x08002660   0x0000000e   Code   RO         3837    i.USBD_ClrClassConfig  usbd_core.o
    0x0800266e   0x0800266e   0x00000010   Code   RO         3606    i.USBD_CtlContinueRx  usbd_ioreq.o
    0x0800267e   0x0800267e   0x00000010   Code   RO         3607    i.USBD_CtlContinueSendData  usbd_ioreq.o
    0x0800268e   0x0800268e   0x00000016   Code   RO         3666    i.USBD_CtlError     usbd_ctlreq.o
    0x080026a4   0x080026a4   0x0000001e   Code   RO         3608    i.USBD_CtlPrepareRx  usbd_ioreq.o
    0x080026c2   0x080026c2   0x00000016   Code   RO         3609    i.USBD_CtlReceiveStatus  usbd_ioreq.o
    0x080026d8   0x080026d8   0x0000001a   Code   RO         3610    i.USBD_CtlSendData  usbd_ioreq.o
    0x080026f2   0x080026f2   0x00000016   Code   RO         3611    i.USBD_CtlSendStatus  usbd_ioreq.o
    0x08002708   0x08002708   0x00000020   Code   RO         3500    i.USBD_FS_ConfigStrDescriptor  usbd_desc.o
    0x08002728   0x08002728   0x0000000c   Code   RO         3501    i.USBD_FS_DeviceDescriptor  usbd_desc.o
    0x08002734   0x08002734   0x00000024   Code   RO         3502    i.USBD_FS_InterfaceStrDescriptor  usbd_desc.o
    0x08002758   0x08002758   0x0000000c   Code   RO         3503    i.USBD_FS_LangIDStrDescriptor  usbd_desc.o
    0x08002764   0x08002764   0x0000001c   Code   RO         3504    i.USBD_FS_ManufacturerStrDescriptor  usbd_desc.o
    0x08002780   0x08002780   0x0000001c   Code   RO         3505    i.USBD_FS_ProductStrDescriptor  usbd_desc.o
    0x0800279c   0x0800279c   0x00000024   Code   RO         3506    i.USBD_FS_SerialStrDescriptor  usbd_desc.o
    0x080027c0   0x080027c0   0x000000e0   Code   RO         3667    i.USBD_GetDescriptor  usbd_ctlreq.o
    0x080028a0   0x080028a0   0x00000046   Code   RO         3668    i.USBD_GetString    usbd_ctlreq.o
    0x080028e6   0x080028e6   0x0000002a   Code   RO         3839    i.USBD_Init         usbd_core.o
    0x08002910   0x08002910   0x00000020   Code   RO         3176    i.USBD_LL_ClearStallEP  usbd_conf.o
    0x08002930   0x08002930   0x00000020   Code   RO         3177    i.USBD_LL_CloseEP   usbd_conf.o
    0x08002950   0x08002950   0x000000aa   Code   RO         3840    i.USBD_LL_DataInStage  usbd_core.o
    0x080029fa   0x080029fa   0x0000006a   Code   RO         3841    i.USBD_LL_DataOutStage  usbd_core.o
    0x08002a64   0x08002a64   0x00000008   Code   RO         3181    i.USBD_LL_GetRxDataSize  usbd_conf.o
    0x08002a6c   0x08002a6c   0x000000a0   Code   RO         3182    i.USBD_LL_Init      usbd_conf.o
    0x08002b0c   0x08002b0c   0x0000001c   Code   RO         3183    i.USBD_LL_IsStallEP  usbd_conf.o
    0x08002b28   0x08002b28   0x00000026   Code   RO         3184    i.USBD_LL_OpenEP    usbd_conf.o
    0x08002b4e   0x08002b4e   0x00000020   Code   RO         3185    i.USBD_LL_PrepareReceive  usbd_conf.o
    0x08002b6e   0x08002b6e   0x0000003e   Code   RO         3846    i.USBD_LL_Reset     usbd_core.o
    0x08002bac   0x08002bac   0x0000000c   Code   RO         3847    i.USBD_LL_Resume    usbd_core.o
    0x08002bb8   0x08002bb8   0x00000018   Code   RO         3848    i.USBD_LL_SOF       usbd_core.o
    0x08002bd0   0x08002bd0   0x00000006   Code   RO         3849    i.USBD_LL_SetSpeed  usbd_core.o
    0x08002bd6   0x08002bd6   0x00000020   Code   RO         3186    i.USBD_LL_SetUSBAddress  usbd_conf.o
    0x08002bf6   0x08002bf6   0x0000005a   Code   RO         3850    i.USBD_LL_SetupStage  usbd_core.o
    0x08002c50   0x08002c50   0x00000020   Code   RO         3187    i.USBD_LL_StallEP   usbd_conf.o
    0x08002c70   0x08002c70   0x00000020   Code   RO         3188    i.USBD_LL_Start     usbd_conf.o
    0x08002c90   0x08002c90   0x00000012   Code   RO         3851    i.USBD_LL_Suspend   usbd_core.o
    0x08002ca2   0x08002ca2   0x00000020   Code   RO         3190    i.USBD_LL_Transmit  usbd_conf.o
    0x08002cc2   0x08002cc2   0x00000028   Code   RO         3669    i.USBD_ParseSetupRequest  usbd_ctlreq.o
    0x08002cea   0x08002cea   0x00000010   Code   RO         3852    i.USBD_RegisterClass  usbd_core.o
    0x08002cfa   0x08002cfa   0x00000016   Code   RO         3854    i.USBD_SetClassConfig  usbd_core.o
    0x08002d10   0x08002d10   0x00000074   Code   RO         3670    i.USBD_SetConfig    usbd_ctlreq.o
    0x08002d84   0x08002d84   0x0000000a   Code   RO         3855    i.USBD_Start        usbd_core.o
    0x08002d8e   0x08002d8e   0x000000f2   Code   RO         3671    i.USBD_StdDevReq    usbd_ctlreq.o
    0x08002e80   0x08002e80   0x000000dc   Code   RO         3672    i.USBD_StdEPReq     usbd_ctlreq.o
    0x08002f5c   0x08002f5c   0x00000034   Code   RO         3673    i.USBD_StdItfReq    usbd_ctlreq.o
    0x08002f90   0x08002f90   0x00000002   Code   RO         3191    i.USBD_static_free  usbd_conf.o
    0x08002f92   0x08002f92   0x00000002   PAD
    0x08002f94   0x08002f94   0x00000008   Code   RO         3192    i.USBD_static_malloc  usbd_conf.o
    0x08002f9c   0x08002f9c   0x0000025c   Code   RO         1790    i.USB_ActivateEndpoint  stm32f1xx_ll_usb.o
    0x080031f8   0x080031f8   0x00000004   Code   RO         1793    i.USB_CoreInit      stm32f1xx_ll_usb.o
    0x080031fc   0x080031fc   0x00000124   Code   RO         1795    i.USB_DeactivateEndpoint  stm32f1xx_ll_usb.o
    0x08003320   0x08003320   0x00000004   Code   RO         1796    i.USB_DevConnect    stm32f1xx_ll_usb.o
    0x08003324   0x08003324   0x00000004   Code   RO         1797    i.USB_DevDisconnect  stm32f1xx_ll_usb.o
    0x08003328   0x08003328   0x0000001e   Code   RO         1798    i.USB_DevInit       stm32f1xx_ll_usb.o
    0x08003346   0x08003346   0x0000000e   Code   RO         1799    i.USB_DisableGlobalInt  stm32f1xx_ll_usb.o
    0x08003354   0x08003354   0x00000004   Code   RO         1800    i.USB_EP0_OutStart  stm32f1xx_ll_usb.o
    0x08003358   0x08003358   0x0000006a   Code   RO         1801    i.USB_EPClearStall  stm32f1xx_ll_usb.o
    0x080033c2   0x080033c2   0x0000004a   Code   RO         1802    i.USB_EPSetStall    stm32f1xx_ll_usb.o
    0x0800340c   0x0800340c   0x000001aa   Code   RO         1803    i.USB_EPStartXfer   stm32f1xx_ll_usb.o
    0x080035b6   0x080035b6   0x0000000e   Code   RO         1804    i.USB_EnableGlobalInt  stm32f1xx_ll_usb.o
    0x080035c4   0x080035c4   0x0000000c   Code   RO         3083    i.USB_LP_CAN1_RX0_IRQHandler  stm32f1xx_it.o
    0x080035d0   0x080035d0   0x00000006   Code   RO         1811    i.USB_ReadInterrupts  stm32f1xx_ll_usb.o
    0x080035d6   0x080035d6   0x00000002   PAD
    0x080035d8   0x080035d8   0x0000001e   Code   RO         1812    i.USB_ReadPMA       stm32f1xx_ll_usb.o
    0x080035f6   0x080035f6   0x00000004   Code   RO         1814    i.USB_SetCurrentMode  stm32f1xx_ll_usb.o
    0x080035fa   0x080035fa   0x0000000c   Code   RO         1815    i.USB_SetDevAddress  stm32f1xx_ll_usb.o
    0x08003606   0x08003606   0x00000026   Code   RO         1817    i.USB_WritePMA      stm32f1xx_ll_usb.o
    0x0800362c   0x0800362c   0x00000002   Code   RO         3084    i.UsageFault_Handler  stm32f1xx_it.o
    0x0800362e   0x0800362e   0x00000002   Code   RO         3374    i._Error_Handler    main.o
    0x08003630   0x08003630   0x00000028   Code   RO         4032    i.__0sprintf$1      mc_w.l(printf1.o)
    0x08003658   0x08003658   0x0000000e   Code   RO         4290    i.__scatterload_copy  mc_w.l(handlers.o)
    0x08003666   0x08003666   0x00000002   Code   RO         4291    i.__scatterload_null  mc_w.l(handlers.o)
    0x08003668   0x08003668   0x0000000e   Code   RO         4292    i.__scatterload_zeroinit  mc_w.l(handlers.o)
    0x08003676   0x08003676   0x00000002   PAD
    0x08003678   0x08003678   0x00000154   Code   RO         4037    i._printf_core      mc_w.l(printf1.o)
    0x080037cc   0x080037cc   0x0000000a   Code   RO         4039    i._sputc            mc_w.l(printf1.o)
    0x080037d6   0x080037d6   0x00000002   PAD
    0x080037d8   0x080037d8   0x00000070   Code   RO         3375    i.main              main.o
    0x08003848   0x08003848   0x0000008c   Code   RO         3376    i.send_gain         main.o
    0x080038d4   0x080038d4   0x00000010   Data   RO         2960    .constdata          system_stm32f1xx.o
    0x080038e4   0x080038e4   0x00000008   Data   RO         2961    .constdata          system_stm32f1xx.o
    0x080038ec   0x080038ec   0x00000020   Data   RO         4288    Region$$Table       anon$$obj.o


    Execution Region RW_IRAM1 (Exec base: 0x20000000, Load base: 0x0800390c, Size: 0x000018b8, Max: 0x00005000, ABSOLUTE, COMPRESSED[0x000000c0])

    Exec Addr    Load Addr    Size         Type   Attr      Idx    E Section Name        Object

    0x20000000   COMPRESSED   0x0000000c   Data   RW         1654    .data               stm32f1xx_hal.o
    0x2000000c   COMPRESSED   0x00000004   Data   RW         2962    .data               system_stm32f1xx.o
    0x20000010   COMPRESSED   0x00000010   Data   RW         3002    .data               usbd_cdc_if.o
    0x20000020   COMPRESSED   0x00000001   Data   RW         3003    .data               usbd_cdc_if.o
    0x20000021   COMPRESSED   0x00000001   PAD
    0x20000022   COMPRESSED   0x00000006   Data   RW         3379    .data               main.o
    0x20000028   COMPRESSED   0x0000001c   Data   RW         3508    .data               usbd_desc.o
    0x20000044   COMPRESSED   0x00000016   Data   RW         3509    .data               usbd_desc.o
    0x2000005a   COMPRESSED   0x00000001   Data   RW         3674    .data               usbd_ctlreq.o
    0x2000005b   COMPRESSED   0x00000001   PAD
    0x2000005c   COMPRESSED   0x000000db   Data   RW         3746    .data               usbd_cdc.o
    0x20000137   COMPRESSED   0x00000001   PAD
    0x20000138   COMPRESSED   0x00000038   Data   RW         3747    .data               usbd_cdc.o
    0x20000170        -       0x000007d0   Zero   RW         3001    .bss                usbd_cdc_if.o
    0x20000940        -       0x00000680   Zero   RW         3193    .bss                usbd_conf.o
    0x20000fc0        -       0x000000c8   Zero   RW         3377    .bss                main.o
    0x20001088        -       0x00000009   Zero   RW         3378    .bss                main.o
    0x20001091   COMPRESSED   0x00000003   PAD
    0x20001094        -       0x00000200   Zero   RW         3507    .bss                usbd_desc.o
    0x20001294        -       0x00000224   Zero   RW         3569    .bss                usb_device.o
    0x200014b8        -       0x00000400   Zero   RW            1    STACK               startup_stm32f103xb.o


==============================================================================

Image component sizes


      Code (inc. data)   RO Data    RW Data    ZI Data      Debug   Object Name

       696         48          0          6        209       5352   main.o
        36          8        236          0       1024        796   startup_stm32f103xb.o
       164         28          0         12          0       3785   stm32f1xx_hal.o
      1278         54          0          0          0       7131   stm32f1xx_hal_adc.o
       228         14          0          0          0      27313   stm32f1xx_hal_cortex.o
       454         36          0          0          0       2860   stm32f1xx_hal_gpio.o
       336         44          0          0          0       2705   stm32f1xx_hal_msp.o
      1810          0          0          0          0       9921   stm32f1xx_hal_pcd.o
        52          0          0          0          0       1158   stm32f1xx_hal_pcd_ex.o
      1264         92          0          0          0       5029   stm32f1xx_hal_rcc.o
       436         46          0          0          0     458201   stm32f1xx_hal_rcc_ex.o
       542          0          0          0          0       3263   stm32f1xx_hal_spi.o
       130          0          0          0          0       1047   stm32f1xx_hal_spi_ex.o
       928         14          0          0          0      10408   stm32f1xx_hal_tim.o
        84          0          0          0          0       2298   stm32f1xx_hal_tim_ex.o
       102         28          0          0          0       4657   stm32f1xx_it.o
      1666          0          0          0          0      12479   stm32f1xx_ll_usb.o
        72         16         24          4          0       1139   system_stm32f1xx.o
        56         18          0          0        548        692   usb_device.o
       590         22          0        275          0      12510   usbd_cdc.o
       132         32          0         17       2000       9251   usbd_cdc_if.o
       652         50          0          0       1664      12945   usbd_conf.o
       592          0          0          0          0       9044   usbd_core.o
       986         30          0          1          0       7668   usbd_ctlreq.o
       184         88          0         50        512       4819   usbd_desc.o
       132          0          0          0          0       4268   usbd_ioreq.o

    ----------------------------------------------------------------------
     13624        668        292        368       5960     620739   Object Totals
         0          0         32          0          0          0   (incl. Generated)
        22          0          0          3          3          0   (incl. Padding)

    ----------------------------------------------------------------------

      Code (inc. data)   RO Data    RW Data    ZI Data      Debug   Library Member Name

        86          0          0          0          0          0   __dczerorl2.o
         0          0          0          0          0          0   entry.o
         0          0          0          0          0          0   entry10a.o
         0          0          0          0          0          0   entry11a.o
         8          4          0          0          0          0   entry2.o
         4          0          0          0          0          0   entry5.o
         0          0          0          0          0          0   entry7b.o
         0          0          0          0          0          0   entry8b.o
         8          4          0          0          0          0   entry9a.o
        30          0          0          0          0          0   handlers.o
        36          8          0          0          0         68   init.o
        36          0          0          0          0         68   memcpya.o
       390         10          0          0          0        252   printf1.o
        14          0          0          0          0         68   strlen.o
        24          0          0          0          0         76   strncpy.o
        44          0          0          0          0         80   uidiv.o

    ----------------------------------------------------------------------
       688         26          0          0          0        612   Library Totals
         8          0          0          0          0          0   (incl. Padding)

    ----------------------------------------------------------------------

      Code (inc. data)   RO Data    RW Data    ZI Data      Debug   Library Name

       680         26          0          0          0        612   mc_w.l

    ----------------------------------------------------------------------
       688         26          0          0          0        612   Library Totals

    ----------------------------------------------------------------------

==============================================================================


      Code (inc. data)   RO Data    RW Data    ZI Data      Debug   

     14312        694        292        368       5960     612015   Grand Totals
     14312        694        292        192       5960     612015   ELF Image Totals (compressed)
     14312        694        292        192          0          0   ROM Totals

==============================================================================

    Total RO  Size (Code + RO Data)                14604 (  14.26kB)
    Total RW  Size (RW Data + ZI Data)              6328 (   6.18kB)
    Total ROM Size (Code + RO Data + RW Data)      14796 (  14.45kB)

==============================================================================

